Archive member included to satisfy reference by file (symbol)

/app/stm32cubeide/plugins/com.st.stm32cube.ide.mcu.externaltools.gnu-tools-for-stm32.10.3-2021.10.linux64_1.0.200.202301161003/tools/bin/../lib/gcc/arm-none-eabi/10.3.1/../../../../arm-none-eabi/lib/thumb/v7e-m+fp/hard/libm.a(lib_a-w_log.o)
                              ./Core/Src/capameter.o (log)
/app/stm32cubeide/plugins/com.st.stm32cube.ide.mcu.externaltools.gnu-tools-for-stm32.10.3-2021.10.linux64_1.0.200.202301161003/tools/bin/../lib/gcc/arm-none-eabi/10.3.1/../../../../arm-none-eabi/lib/thumb/v7e-m+fp/hard/libm.a(lib_a-e_log.o)
                              /app/stm32cubeide/plugins/com.st.stm32cube.ide.mcu.externaltools.gnu-tools-for-stm32.10.3-2021.10.linux64_1.0.200.202301161003/tools/bin/../lib/gcc/arm-none-eabi/10.3.1/../../../../arm-none-eabi/lib/thumb/v7e-m+fp/hard/libm.a(lib_a-w_log.o) (__ieee754_log)
/app/stm32cubeide/plugins/com.st.stm32cube.ide.mcu.externaltools.gnu-tools-for-stm32.10.3-2021.10.linux64_1.0.200.202301161003/tools/bin/../lib/gcc/arm-none-eabi/10.3.1/../../../../arm-none-eabi/lib/thumb/v7e-m+fp/hard/libm.a(lib_a-s_nan.o)
                              /app/stm32cubeide/plugins/com.st.stm32cube.ide.mcu.externaltools.gnu-tools-for-stm32.10.3-2021.10.linux64_1.0.200.202301161003/tools/bin/../lib/gcc/arm-none-eabi/10.3.1/../../../../arm-none-eabi/lib/thumb/v7e-m+fp/hard/libm.a(lib_a-w_log.o) (nan)
/app/stm32cubeide/plugins/com.st.stm32cube.ide.mcu.externaltools.gnu-tools-for-stm32.10.3-2021.10.linux64_1.0.200.202301161003/tools/bin/../lib/gcc/arm-none-eabi/10.3.1/../../../../arm-none-eabi/lib/thumb/v7e-m+fp/hard/libc_nano.a(lib_a-errno.o)
                              ./Core/Src/syscalls.o (__errno)
/app/stm32cubeide/plugins/com.st.stm32cube.ide.mcu.externaltools.gnu-tools-for-stm32.10.3-2021.10.linux64_1.0.200.202301161003/tools/bin/../lib/gcc/arm-none-eabi/10.3.1/../../../../arm-none-eabi/lib/thumb/v7e-m+fp/hard/libc_nano.a(lib_a-exit.o)
                              /app/stm32cubeide/plugins/com.st.stm32cube.ide.mcu.externaltools.gnu-tools-for-stm32.10.3-2021.10.linux64_1.0.200.202301161003/tools/bin/../lib/gcc/arm-none-eabi/10.3.1/../../../../arm-none-eabi/lib/thumb/v7e-m+fp/hard/crt0.o (exit)
/app/stm32cubeide/plugins/com.st.stm32cube.ide.mcu.externaltools.gnu-tools-for-stm32.10.3-2021.10.linux64_1.0.200.202301161003/tools/bin/../lib/gcc/arm-none-eabi/10.3.1/../../../../arm-none-eabi/lib/thumb/v7e-m+fp/hard/libc_nano.a(lib_a-impure.o)
                              /app/stm32cubeide/plugins/com.st.stm32cube.ide.mcu.externaltools.gnu-tools-for-stm32.10.3-2021.10.linux64_1.0.200.202301161003/tools/bin/../lib/gcc/arm-none-eabi/10.3.1/../../../../arm-none-eabi/lib/thumb/v7e-m+fp/hard/libc_nano.a(lib_a-exit.o) (_global_impure_ptr)
/app/stm32cubeide/plugins/com.st.stm32cube.ide.mcu.externaltools.gnu-tools-for-stm32.10.3-2021.10.linux64_1.0.200.202301161003/tools/bin/../lib/gcc/arm-none-eabi/10.3.1/../../../../arm-none-eabi/lib/thumb/v7e-m+fp/hard/libc_nano.a(lib_a-init.o)
                              /app/stm32cubeide/plugins/com.st.stm32cube.ide.mcu.externaltools.gnu-tools-for-stm32.10.3-2021.10.linux64_1.0.200.202301161003/tools/bin/../lib/gcc/arm-none-eabi/10.3.1/../../../../arm-none-eabi/lib/thumb/v7e-m+fp/hard/crt0.o (__libc_init_array)
/app/stm32cubeide/plugins/com.st.stm32cube.ide.mcu.externaltools.gnu-tools-for-stm32.10.3-2021.10.linux64_1.0.200.202301161003/tools/bin/../lib/gcc/arm-none-eabi/10.3.1/../../../../arm-none-eabi/lib/thumb/v7e-m+fp/hard/libc_nano.a(lib_a-memset.o)
                              /app/stm32cubeide/plugins/com.st.stm32cube.ide.mcu.externaltools.gnu-tools-for-stm32.10.3-2021.10.linux64_1.0.200.202301161003/tools/bin/../lib/gcc/arm-none-eabi/10.3.1/../../../../arm-none-eabi/lib/thumb/v7e-m+fp/hard/crt0.o (memset)
/app/stm32cubeide/plugins/com.st.stm32cube.ide.mcu.externaltools.gnu-tools-for-stm32.10.3-2021.10.linux64_1.0.200.202301161003/tools/bin/../lib/gcc/arm-none-eabi/10.3.1/../../../../arm-none-eabi/lib/thumb/v7e-m+fp/hard/libc_nano.a(lib_a-printf.o)
                              ./Core/Src/capameter.o (printf)
/app/stm32cubeide/plugins/com.st.stm32cube.ide.mcu.externaltools.gnu-tools-for-stm32.10.3-2021.10.linux64_1.0.200.202301161003/tools/bin/../lib/gcc/arm-none-eabi/10.3.1/../../../../arm-none-eabi/lib/thumb/v7e-m+fp/hard/libc_nano.a(lib_a-findfp.o)
                              /app/stm32cubeide/plugins/com.st.stm32cube.ide.mcu.externaltools.gnu-tools-for-stm32.10.3-2021.10.linux64_1.0.200.202301161003/tools/bin/../lib/gcc/arm-none-eabi/10.3.1/../../../../arm-none-eabi/lib/thumb/v7e-m+fp/hard/libc_nano.a(lib_a-printf.o) (__sinit)
/app/stm32cubeide/plugins/com.st.stm32cube.ide.mcu.externaltools.gnu-tools-for-stm32.10.3-2021.10.linux64_1.0.200.202301161003/tools/bin/../lib/gcc/arm-none-eabi/10.3.1/../../../../arm-none-eabi/lib/thumb/v7e-m+fp/hard/libc_nano.a(lib_a-fwalk.o)
[...]
Memory Configuration

Name             Origin             Length             Attributes
CCMRAM           0x0000000010000000 0x0000000000001000 xrw
RAM              0x0000000020000000 0x0000000000003000 xrw
FLASH            0x0000000008000000 0x0000000000010000 xr
*default*        0x0000000000000000 0xffffffffffffffff

Linker script and memory map

LOAD /app/stm32cubeide/plugins/com.st.stm32cube.ide.mcu.externaltools.gnu-tools-for-stm32.10.3-2021.10.linux64_1.0.200.202301161003/tools/bin/../lib/gcc/arm-none-eabi/10.3.1/thumb/v7e-m+fp/hard/crti.o
LOAD /app/stm32cubeide/plugins/com.st.stm32cube.ide.mcu.externaltools.gnu-tools-for-stm32.10.3-2021.10.linux64_1.0.200.202301161003/tools/bin/../lib/gcc/arm-none-eabi/10.3.1/thumb/v7e-m+fp/hard/crtbegin.o
LOAD /app/stm32cubeide/plugins/com.st.stm32cube.ide.mcu.externaltools.gnu-tools-for-stm32.10.3-2021.10.linux64_1.0.200.202301161003/tools/bin/../lib/gcc/arm-none-eabi/10.3.1/../../../../arm-none-eabi/lib/thumb/v7e-m+fp/hard/crt0.o
LOAD ./Core/Src/capameter.o
LOAD ./Core/Src/main.o
LOAD ./Core/Src/selfmeter.o
LOAD ./Core/Src/stm32f3xx_hal_msp.o
LOAD ./Core/Src/stm32f3xx_it.o
LOAD ./Core/Src/syscalls.o
LOAD ./Core/Src/sysmem.o
LOAD ./Core/Src/system_stm32f3xx.o
LOAD ./Core/Src/units.o
LOAD ./Core/Startup/startup_stm32f303k8tx.o
LOAD ./Drivers/STM32F3xx_HAL_Driver/Src/stm32f3xx_hal.o
LOAD ./Drivers/STM32F3xx_HAL_Driver/Src/stm32f3xx_hal_adc.o
LOAD ./Drivers/STM32F3xx_HAL_Driver/Src/stm32f3xx_hal_adc_ex.o
LOAD ./Drivers/STM32F3xx_HAL_Driver/Src/stm32f3xx_hal_cortex.o
LOAD ./Drivers/STM32F3xx_HAL_Driver/Src/stm32f3xx_hal_dma.o
LOAD ./Drivers/STM32F3xx_HAL_Driver/Src/stm32f3xx_hal_exti.o
LOAD ./Drivers/STM32F3xx_HAL_Driver/Src/stm32f3xx_hal_flash.o
LOAD ./Drivers/STM32F3xx_HAL_Driver/Src/stm32f3xx_hal_flash_ex.o
LOAD ./Drivers/STM32F3xx_HAL_Driver/Src/stm32f3xx_hal_gpio.o
LOAD ./Drivers/STM32F3xx_HAL_Driver/Src/stm32f3xx_hal_i2c.o
LOAD ./Drivers/STM32F3xx_HAL_Driver/Src/stm32f3xx_hal_i2c_ex.o
LOAD ./Drivers/STM32F3xx_HAL_Driver/Src/stm32f3xx_hal_pwr.o
LOAD ./Drivers/STM32F3xx_HAL_Driver/Src/stm32f3xx_hal_pwr_ex.o
LOAD ./Drivers/STM32F3xx_HAL_Driver/Src/stm32f3xx_hal_rcc.o
LOAD ./Drivers/STM32F3xx_HAL_Driver/Src/stm32f3xx_hal_rcc_ex.o
START GROUP
LOAD /app/stm32cubeide/plugins/com.st.stm32cube.ide.mcu.externaltools.gnu-tools-for-stm32.10.3-2021.10.linux64_1.0.200.202301161003/tools/bin/../lib/gcc/arm-none-eabi/10.3.1/../../../../arm-none-eabi/lib/thumb/v7e-m+fp/hard/libstdc++_nano.a
LOAD /app/stm32cubeide/plugins/com.st.stm32cube.ide.mcu.externaltools.gnu-tools-for-stm32.10.3-2021.10.linux64_1.0.200.202301161003/tools/bin/../lib/gcc/arm-none-eabi/10.3.1/../../../../arm-none-eabi/lib/thumb/v7e-m+fp/hard/libsupc++_nano.a
END GROUP
LOAD /app/stm32cubeide/plugins/com.st.stm32cube.ide.mcu.externaltools.gnu-tools-for-stm32.10.3-2021.10.linux64_1.0.200.202301161003/tools/bin/../lib/gcc/arm-none-eabi/10.3.1/../../../../arm-none-eabi/lib/thumb/v7e-m+fp/hard/libstdc++_nano.a
LOAD /app/stm32cubeide/plugins/com.st.stm32cube.ide.mcu.externaltools.gnu-tools-for-stm32.10.3-2021.10.linux64_1.0.200.202301161003/tools/bin/../lib/gcc/arm-none-eabi/10.3.1/../../../../arm-none-eabi/lib/thumb/v7e-m+fp/hard/libm.a
LOAD /app/stm32cubeide/plugins/com.st.stm32cube.ide.mcu.externaltools.gnu-tools-for-stm32.10.3-2021.10.linux64_1.0.200.202301161003/tools/bin/../lib/gcc/arm-none-eabi/10.3.1/../../../../arm-none-eabi/lib/thumb/v7e-m+fp/hard/libc_nano.a
START GROUP
LOAD /app/stm32cubeide/plugins/com.st.stm32cube.ide.mcu.externaltools.gnu-tools-for-stm32.10.3-2021.10.linux64_1.0.200.202301161003/tools/bin/../lib/gcc/arm-none-eabi/10.3.1/thumb/v7e-m+fp/hard/libgcc.a
LOAD /app/stm32cubeide/plugins/com.st.stm32cube.ide.mcu.externaltools.gnu-tools-for-stm32.10.3-2021.10.linux64_1.0.200.202301161003/tools/bin/../lib/gcc/arm-none-eabi/10.3.1/../../../../arm-none-eabi/lib/thumb/v7e-m+fp/hard/libc_nano.a
END GROUP
START GROUP
LOAD /app/stm32cubeide/plugins/com.st.stm32cube.ide.mcu.externaltools.gnu-tools-for-stm32.10.3-2021.10.linux64_1.0.200.202301161003/tools/bin/../lib/gcc/arm-none-eabi/10.3.1/thumb/v7e-m+fp/hard/libgcc.a
LOAD /app/stm32cubeide/plugins/com.st.stm32cube.ide.mcu.externaltools.gnu-tools-for-stm32.10.3-2021.10.linux64_1.0.200.202301161003/tools/bin/../lib/gcc/arm-none-eabi/10.3.1/../../../../arm-none-eabi/lib/thumb/v7e-m+fp/hard/libc_nano.a
LOAD /app/stm32cubeide/plugins/com.st.stm32cube.ide.mcu.externaltools.gnu-tools-for-stm32.10.3-2021.10.linux64_1.0.200.202301161003/tools/bin/../lib/gcc/arm-none-eabi/10.3.1/../../../../arm-none-eabi/lib/thumb/v7e-m+fp/hard/libnosys.a
END GROUP
START GROUP
LOAD /app/stm32cubeide/plugins/com.st.stm32cube.ide.mcu.externaltools.gnu-tools-for-stm32.10.3-2021.10.linux64_1.0.200.202301161003/tools/bin/../lib/gcc/arm-none-eabi/10.3.1/thumb/v7e-m+fp/hard/libgcc.a
LOAD /app/stm32cubeide/plugins/com.st.stm32cube.ide.mcu.externaltools.gnu-tools-for-stm32.10.3-2021.10.linux64_1.0.200.202301161003/tools/bin/../lib/gcc/arm-none-eabi/10.3.1/../../../../arm-none-eabi/lib/thumb/v7e-m+fp/hard/libc_nano.a
LOAD /app/stm32cubeide/plugins/com.st.stm32cube.ide.mcu.externaltools.gnu-tools-for-stm32.10.3-2021.10.linux64_1.0.200.202301161003/tools/bin/../lib/gcc/arm-none-eabi/10.3.1/../../../../arm-none-eabi/lib/thumb/v7e-m+fp/hard/libnosys.a
END GROUP
LOAD /app/stm32cubeide/plugins/com.st.stm32cube.ide.mcu.externaltools.gnu-tools-for-stm32.10.3-2021.10.linux64_1.0.200.202301161003/tools/bin/../lib/gcc/arm-none-eabi/10.3.1/thumb/v7e-m+fp/hard/crtend.o
LOAD /app/stm32cubeide/plugins/com.st.stm32cube.ide.mcu.externaltools.gnu-tools-for-stm32.10.3-2021.10.linux64_1.0.200.202301161003/tools/bin/../lib/gcc/arm-none-eabi/10.3.1/thumb/v7e-m+fp/hard/crtn.o
                0x0000000020003000                _estack = (ORIGIN (RAM) + LENGTH (RAM))
                0x0000000000000200                _Min_Heap_Size = 0x200
                0x0000000000000400                _Min_Stack_Size = 0x400

.isr_vector     0x0000000008000000      0x188
                0x0000000008000000                . = ALIGN (0x4)
 *(.isr_vector)
 .isr_vector    0x0000000008000000      0x188 ./Core/Startup/startup_stm32f303k8tx.o
                0x0000000008000000                g_pfnVectors
                0x0000000008000188                . = ALIGN (0x4)

.text           0x0000000008000190     0x5298
                0x0000000008000190                . = ALIGN (0x4)
 *(.text)
 .text          0x0000000008000190       0x40 /app/stm32cubeide/plugins/com.st.stm32cube.ide.mcu.externaltools.gnu-tools-for-stm32.10.3-2021.10.linux64_1.0.200.202301161003/tools/bin/../lib/gcc/arm-none-eabi/10.3.1/thumb/v7e-m+fp/hard/crtbegin.o
 .text          0x00000000080001d0       0xa0 /app/stm32cubeide/plugins/com.st.stm32cube.ide.mcu.externaltools.gnu-tools-for-stm32.10.3-2021.10.linux64_1.0.200.202301161003/tools/bin/../lib/gcc/arm-none-eabi/10.3.1/../../../../arm-none-eabi/lib/thumb/v7e-m+fp/hard/libc_nano.a(lib_a-memchr.o)
                0x00000000080001d0                memchr
 .text          0x0000000008000270      0x378 /app/stm32cubeide/plugins/com.st.stm32cube.ide.mcu.externaltools.gnu-tools-for-stm32.10.3-2021.10.linux64_1.0.200.202301161003/tools/bin/../lib/gcc/arm-none-eabi/10.3.1/thumb/v7e-m+fp/hard/libgcc.a(_arm_addsubdf3.o)
                0x0000000008000270                __aeabi_drsub
                0x0000000008000278                __aeabi_dsub
                0x0000000008000278                __subdf3
                0x000000000800027c                __adddf3
                0x000000000800027c                __aeabi_dadd
                0x00000000080004f4                __aeabi_ui2d
                0x00000000080004f4                __floatunsidf
                0x0000000008000514                __floatsidf
                0x0000000008000514                __aeabi_i2d
                0x0000000008000538                __extendsfdf2
                0x0000000008000538                __aeabi_f2d
                0x000000000800057c                __aeabi_ul2d
                0x000000000800057c                __floatundidf
                0x000000000800058c                __floatdidf
                0x000000000800058c                __aeabi_l2d
 .text          0x00000000080005e8      0x424 /app/stm32cubeide/plugins/com.st.stm32cube.ide.mcu.externaltools.gnu-tools-for-stm32.10.3-2021.10.linux64_1.0.200.202301161003/tools/bin/../lib/gcc/arm-none-eabi/10.3.1/thumb/v7e-m+fp/hard/libgcc.a(_arm_muldivdf3.o)
                0x00000000080005e8                __aeabi_dmul
                0x00000000080005e8                __muldf3
                0x000000000800083c                __aeabi_ddiv
                0x000000000800083c                __divdf3
 .text          0x0000000008000a0c      0x110 /app/stm32cubeide/plugins/com.st.stm32cube.ide.mcu.externaltools.gnu-tools-for-stm32.10.3-2021.10.linux64_1.0.200.202301161003/tools/bin/../lib/gcc/arm-none-eabi/10.3.1/thumb/v7e-m+fp/hard/libgcc.a(_arm_cmpdf2.o)
                0x0000000008000a0c                __gtdf2
                0x0000000008000a0c                __gedf2
                0x0000000008000a14                __ltdf2
                0x0000000008000a14                __ledf2
                0x0000000008000a1c                __cmpdf2
                0x0000000008000a1c                __eqdf2
                0x0000000008000a1c                __nedf2
                0x0000000008000a98                __aeabi_cdrcmple
                0x0000000008000aa8                __aeabi_cdcmple
                0x0000000008000aa8                __aeabi_cdcmpeq
                0x0000000008000ab8                __aeabi_dcmpeq
                0x0000000008000acc                __aeabi_dcmplt
                0x0000000008000ae0                __aeabi_dcmple
                0x0000000008000af4                __aeabi_dcmpge
                0x0000000008000b08                __aeabi_dcmpgt
 .text          0x0000000008000b1c       0x2c /app/stm32cubeide/plugins/com.st.stm32cube.ide.mcu.externaltools.gnu-tools-for-stm32.10.3-2021.10.linux64_1.0.200.202301161003/tools/bin/../lib/gcc/arm-none-eabi/10.3.1/thumb/v7e-m+fp/hard/libgcc.a(_arm_unorddf2.o)
                0x0000000008000b1c                __aeabi_dcmpun
                0x0000000008000b1c                __unorddf2
 .text          0x0000000008000b48       0x40 /app/stm32cubeide/plugins/com.st.stm32cube.ide.mcu.externaltools.gnu-tools-for-stm32.10.3-2021.10.linux64_1.0.200.202301161003/tools/bin/../lib/gcc/arm-none-eabi/10.3.1/thumb/v7e-m+fp/hard/libgcc.a(_arm_fixunsdfsi.o)
                0x0000000008000b48                __fixunsdfsi
                0x0000000008000b48                __aeabi_d2uiz
 *(.text*)
 .text._ZNKSt6chrono8durationIxSt5ratioILx1ELx1000EEE5countEv
                0x0000000008000b88       0x1c ./Core/Src/capameter.o
                0x0000000008000b88                std::chrono::duration<long long, std::ratio<1ll, 1000ll> >::count() const
 .text._Z9capa_calcNSt6chrono8durationIxSt5ratioILx1ELx1000EEEE3Resmm
                0x0000000008000ba4      0x140 ./Core/Src/capameter.o
                0x0000000008000ba4                capa_calc(std::chrono::duration<long long, std::ratio<1ll, 1000ll> >, Res, unsigned long, unsigned long)
 .text.HAL_GPIO_EXTI_Callback
                0x0000000008000ce4       0x3c ./Core/Src/capameter.o
                0x0000000008000ce4                HAL_GPIO_EXTI_Callback
 .text.capameter
                0x0000000008000d20       0xf8 ./Core/Src/capameter.o
                0x0000000008000d20                capameter
 .text._ZN4UnitIyEcvyEv
                0x0000000008000e18       0x1c ./Core/Src/capameter.o
                0x0000000008000e18                Unit<unsigned long long>::operator unsigned long long()
 .text._ZNSt8literals15chrono_literalsli2msIJLc49ELc48EEEENSt6chrono8durationIxSt5ratioILx1ELx1000EEEEv
                0x0000000008000e34       0x1a ./Core/Src/capameter.o
                0x0000000008000e34                std::chrono::duration<long long, std::ratio<1ll, 1000ll> > std::literals::chrono_literals::operator"" ms<(char)49, (char)48>()
 .text._ZN4UnitIeEcveEv
                0x0000000008000e4e       0x24 ./Core/Src/capameter.o
                0x0000000008000e4e                Unit<long double>::operator long double()
 .text._ZNSt8literals15chrono_literals16__check_overflowINSt6chrono8durationIxSt5ratioILx1ELx1000EEEEJLc49ELc48EEEET_v
                0x0000000008000e72       0x28 ./Core/Src/capameter.o
                0x0000000008000e72                std::chrono::duration<long long, std::ratio<1ll, 1000ll> > std::literals::chrono_literals::__check_overflow<std::chrono::duration<long long, std::ratio<1ll, 1000ll> >, (char)49, (char)48>()
 .text._ZNSt6chrono8durationIxSt5ratioILx1ELx1000EEEC2IxvEERKT_
                0x0000000008000e9a       0x24 ./Core/Src/capameter.o
                0x0000000008000e9a                std::chrono::duration<long long, std::ratio<1ll, 1000ll> >::duration<long long, void>(long long const&)
                0x0000000008000e9a                std::chrono::duration<long long, std::ratio<1ll, 1000ll> >::duration<long long, void>(long long const&)
 .text.main     0x0000000008000ebe       0x1e ./Core/Src/main.o
                0x0000000008000ebe                main
 .text.SystemClock_Config
                0x0000000008000edc       0xb2 ./Core/Src/main.o
                0x0000000008000edc                SystemClock_Config
 *fill*         0x0000000008000f8e        0x2 
 .text.MX_ADC2_Init
                0x0000000008000f90       0xbc ./Core/Src/main.o
 .text.MX_GPIO_Init
                0x000000000800104c       0xac ./Core/Src/main.o
 .text.Error_Handler
                0x00000000080010f8        0xa ./Core/Src/main.o
                0x00000000080010f8                Error_Handler
 .text.selfmeter
                0x0000000008001102        0xe ./Core/Src/selfmeter.o
                0x0000000008001102                selfmeter
 .text.HAL_MspInit
                0x0000000008001110       0x48 ./Core/Src/stm32f3xx_hal_msp.o
                0x0000000008001110                HAL_MspInit
 .text.HAL_ADC_MspInit
                0x0000000008001158       0x7c ./Core/Src/stm32f3xx_hal_msp.o
                0x0000000008001158                HAL_ADC_MspInit
 .text.NMI_Handler
                0x00000000080011d4        0x6 ./Core/Src/stm32f3xx_it.o
                0x00000000080011d4                NMI_Handler
 .text.HardFault_Handler
                0x00000000080011da        0x6 ./Core/Src/stm32f3xx_it.o
                0x00000000080011da                HardFault_Handler
 .text.MemManage_Handler
                0x00000000080011e0        0x6 ./Core/Src/stm32f3xx_it.o
                0x00000000080011e0                MemManage_Handler
 .text.BusFault_Handler
                0x00000000080011e6        0x6 ./Core/Src/stm32f3xx_it.o
                0x00000000080011e6                BusFault_Handler
 .text.UsageFault_Handler
                0x00000000080011ec        0x6 ./Core/Src/stm32f3xx_it.o
                0x00000000080011ec                UsageFault_Handler
 .text.SVC_Handler
                0x00000000080011f2        0xe ./Core/Src/stm32f3xx_it.o
                0x00000000080011f2                SVC_Handler
 .text.DebugMon_Handler
                0x0000000008001200        0xe ./Core/Src/stm32f3xx_it.o
                0x0000000008001200                DebugMon_Handler
 .text.PendSV_Handler
                0x000000000800120e        0xe ./Core/Src/stm32f3xx_it.o
                0x000000000800120e                PendSV_Handler
 .text.SysTick_Handler
                0x000000000800121c        0xc ./Core/Src/stm32f3xx_it.o
                0x000000000800121c                SysTick_Handler
 .text.EXTI15_10_IRQHandler
                0x0000000008001228       0x10 ./Core/Src/stm32f3xx_it.o
                0x0000000008001228                EXTI15_10_IRQHandler
 .text._read    0x0000000008001238       0x3a ./Core/Src/syscalls.o
                0x0000000008001238                _read
 .text._write   0x0000000008001272       0x38 ./Core/Src/syscalls.o
                0x0000000008001272                _write
 .text._close   0x00000000080012aa       0x18 ./Core/Src/syscalls.o
                0x00000000080012aa                _close
 .text._fstat   0x00000000080012c2       0x20 ./Core/Src/syscalls.o
                0x00000000080012c2                _fstat
 .text._isatty  0x00000000080012e2       0x16 ./Core/Src/syscalls.o
                0x00000000080012e2                _isatty
 .text._lseek   0x00000000080012f8       0x1a ./Core/Src/syscalls.o
                0x00000000080012f8                _lseek
 *fill*         0x0000000008001312        0x2 
 .text._sbrk    0x0000000008001314       0x6c ./Core/Src/sysmem.o
                0x0000000008001314                _sbrk
 .text.SystemInit
                0x0000000008001380       0x24 ./Core/Src/system_stm32f3xx.o
                0x0000000008001380                SystemInit
 .text._ZN3ResCI24UnitIyEEy
                0x00000000080013a4       0x22 ./Core/Src/units.o
                0x00000000080013a4                Res::Unit(unsigned long long)
                0x00000000080013a4                Res::Unit(unsigned long long)
 .text._ZN3Res4kohmEy
                0x00000000080013c6       0x7c ./Core/Src/units.o
                0x00000000080013c6                Res::kohm(unsigned long long)
 .text._ZN4CapaCI24UnitIeEEe
                0x0000000008001442       0x2a ./Core/Src/units.o
                0x0000000008001442                Capa::Unit(long double)
                0x0000000008001442                Capa::Unit(long double)
 .text._ZN4Capa2ufEe
                0x000000000800146c       0x60 ./Core/Src/units.o
                0x000000000800146c                Capa::uf(long double)
 .text._Zli5_kOhmy
                0x00000000080014cc       0x7e ./Core/Src/units.o
                0x00000000080014cc                operator"" _kOhm(unsigned long long)
 .text._ZN4UnitIyEC2Ey
                0x000000000800154a       0x24 ./Core/Src/units.o
                0x000000000800154a                Unit<unsigned long long>::Unit(unsigned long long)
                0x000000000800154a                Unit<unsigned long long>::Unit(unsigned long long)
 .text._ZN4UnitIeEC2Ee
                0x000000000800156e       0x24 ./Core/Src/units.o
                0x000000000800156e                Unit<long double>::Unit(long double)
                0x000000000800156e                Unit<long double>::Unit(long double)
 *fill*         0x0000000008001592        0x2 
 .text.Reset_Handler
                0x0000000008001594       0x50 ./Core/Startup/startup_stm32f303k8tx.o
                0x0000000008001594                Reset_Handler
 .text.Default_Handler
                0x00000000080015e4        0x2 ./Core/Startup/startup_stm32f303k8tx.o
                0x00000000080015e4                RTC_Alarm_IRQHandler
                0x00000000080015e4                TIM1_CC_IRQHandler
                0x00000000080015e4                PVD_IRQHandler
                0x00000000080015e4                TAMP_STAMP_IRQHandler
                0x00000000080015e4                EXTI3_IRQHandler
                0x00000000080015e4                EXTI0_IRQHandler
                0x00000000080015e4                FPU_IRQHandler
                0x00000000080015e4                CAN_TX_IRQHandler
                0x00000000080015e4                TIM1_UP_TIM16_IRQHandler
                0x00000000080015e4                ADC1_2_IRQHandler
                0x00000000080015e4                SPI1_IRQHandler
                0x00000000080015e4                CAN_SCE_IRQHandler
                0x00000000080015e4                DMA1_Channel4_IRQHandler
                0x00000000080015e4                USART3_IRQHandler
                0x00000000080015e4                DMA1_Channel7_IRQHandler
                0x00000000080015e4                TIM7_DAC2_IRQHandler
                0x00000000080015e4                CAN_RX1_IRQHandler
                0x00000000080015e4                I2C1_EV_IRQHandler
                0x00000000080015e4                DMA1_Channel6_IRQHandler
                0x00000000080015e4                TIM3_IRQHandler
                0x00000000080015e4                RCC_IRQHandler
                0x00000000080015e4                DMA1_Channel1_IRQHandler
                0x00000000080015e4                Default_Handler
                0x00000000080015e4                COMP2_IRQHandler
                0x00000000080015e4                TIM6_DAC1_IRQHandler
                0x00000000080015e4                EXTI9_5_IRQHandler
                0x00000000080015e4                RTC_WKUP_IRQHandler
                0x00000000080015e4                DMA1_Channel5_IRQHandler
                0x00000000080015e4                EXTI4_IRQHandler
                0x00000000080015e4                TIM1_TRG_COM_TIM17_IRQHandler
                0x00000000080015e4                DMA1_Channel3_IRQHandler
                0x00000000080015e4                WWDG_IRQHandler
                0x00000000080015e4                TIM2_IRQHandler
                0x00000000080015e4                EXTI1_IRQHandler
                0x00000000080015e4                COMP4_6_IRQHandler
                0x00000000080015e4                USART2_IRQHandler
                0x00000000080015e4                DMA1_Channel2_IRQHandler
                0x00000000080015e4                FLASH_IRQHandler
                0x00000000080015e4                USART1_IRQHandler
                0x00000000080015e4                CAN_RX0_IRQHandler
                0x00000000080015e4                I2C1_ER_IRQHandler
                0x00000000080015e4                EXTI2_TSC_IRQHandler
                0x00000000080015e4                TIM1_BRK_TIM15_IRQHandler
 *fill*         0x00000000080015e6        0x2 
 .text.HAL_Init
                0x00000000080015e8       0x2c ./Drivers/STM32F3xx_HAL_Driver/Src/stm32f3xx_hal.o
                0x00000000080015e8                HAL_Init
 .text.HAL_InitTick
                0x0000000008001614       0x60 ./Drivers/STM32F3xx_HAL_Driver/Src/stm32f3xx_hal.o
                0x0000000008001614                HAL_InitTick
 .text.HAL_IncTick
                0x0000000008001674       0x28 ./Drivers/STM32F3xx_HAL_Driver/Src/stm32f3xx_hal.o
                0x0000000008001674                HAL_IncTick
 .text.HAL_GetTick
                0x000000000800169c       0x18 ./Drivers/STM32F3xx_HAL_Driver/Src/stm32f3xx_hal.o
                0x000000000800169c                HAL_GetTick
 .text.HAL_Delay
                0x00000000080016b4       0x48 ./Drivers/STM32F3xx_HAL_Driver/Src/stm32f3xx_hal.o
                0x00000000080016b4                HAL_Delay
 .text.HAL_ADC_Init
                0x00000000080016fc      0x324 ./Drivers/STM32F3xx_HAL_Driver/Src/stm32f3xx_hal_adc_ex.o
                0x00000000080016fc                HAL_ADC_Init
 .text.HAL_ADC_Start
                0x0000000008001a20      0x16c ./Drivers/STM32F3xx_HAL_Driver/Src/stm32f3xx_hal_adc_ex.o
                0x0000000008001a20                HAL_ADC_Start
 .text.HAL_ADC_PollForConversion
                0x0000000008001b8c      0x19c ./Drivers/STM32F3xx_HAL_Driver/Src/stm32f3xx_hal_adc_ex.o
                0x0000000008001b8c                HAL_ADC_PollForConversion
 .text.HAL_ADC_GetValue
                0x0000000008001d28       0x1a ./Drivers/STM32F3xx_HAL_Driver/Src/stm32f3xx_hal_adc_ex.o
                0x0000000008001d28                HAL_ADC_GetValue
 *fill*         0x0000000008001d42        0x2 
 .text.HAL_ADC_ConfigChannel
                0x0000000008001d44      0x580 ./Drivers/STM32F3xx_HAL_Driver/Src/stm32f3xx_hal_adc_ex.o
                0x0000000008001d44                HAL_ADC_ConfigChannel
 .text.ADC_Enable
                0x00000000080022c4       0xc8 ./Drivers/STM32F3xx_HAL_Driver/Src/stm32f3xx_hal_adc_ex.o
 .text.ADC_Disable
                0x000000000800238c       0xcc ./Drivers/STM32F3xx_HAL_Driver/Src/stm32f3xx_hal_adc_ex.o
 .text.__NVIC_SetPriorityGrouping
                0x0000000008002458       0x48 ./Drivers/STM32F3xx_HAL_Driver/Src/stm32f3xx_hal_cortex.o
 .text.__NVIC_GetPriorityGrouping
                0x00000000080024a0       0x1c ./Drivers/STM32F3xx_HAL_Driver/Src/stm32f3xx_hal_cortex.o
 .text.__NVIC_EnableIRQ
                0x00000000080024bc       0x3c ./Drivers/STM32F3xx_HAL_Driver/Src/stm32f3xx_hal_cortex.o
 .text.__NVIC_SetPriority
                0x00000000080024f8       0x54 ./Drivers/STM32F3xx_HAL_Driver/Src/stm32f3xx_hal_cortex.o
 .text.NVIC_EncodePriority
                0x000000000800254c       0x66 ./Drivers/STM32F3xx_HAL_Driver/Src/stm32f3xx_hal_cortex.o
 *fill*         0x00000000080025b2        0x2 
 .text.SysTick_Config
                0x00000000080025b4       0x44 ./Drivers/STM32F3xx_HAL_Driver/Src/stm32f3xx_hal_cortex.o
 .text.HAL_NVIC_SetPriorityGrouping
                0x00000000080025f8       0x16 ./Drivers/STM32F3xx_HAL_Driver/Src/stm32f3xx_hal_cortex.o
                0x00000000080025f8                HAL_NVIC_SetPriorityGrouping
 .text.HAL_NVIC_SetPriority
                0x000000000800260e       0x38 ./Drivers/STM32F3xx_HAL_Driver/Src/stm32f3xx_hal_cortex.o
                0x000000000800260e                HAL_NVIC_SetPriority
 .text.HAL_NVIC_EnableIRQ
                0x0000000008002646       0x1c ./Drivers/STM32F3xx_HAL_Driver/Src/stm32f3xx_hal_cortex.o
                0x0000000008002646                HAL_NVIC_EnableIRQ
 .text.HAL_SYSTICK_Config
                0x0000000008002662       0x18 ./Drivers/STM32F3xx_HAL_Driver/Src/stm32f3xx_hal_cortex.o
                0x0000000008002662                HAL_SYSTICK_Config
 *fill*         0x000000000800267a        0x2 
 .text.HAL_GPIO_Init
                0x000000000800267c      0x2e4 ./Drivers/STM32F3xx_HAL_Driver/Src/stm32f3xx_hal_gpio.o
                0x000000000800267c                HAL_GPIO_Init
 .text.HAL_GPIO_ReadPin
                0x0000000008002960       0x30 ./Drivers/STM32F3xx_HAL_Driver/Src/stm32f3xx_hal_gpio.o
                0x0000000008002960                HAL_GPIO_ReadPin
 .text.HAL_GPIO_WritePin
                0x0000000008002990       0x30 ./Drivers/STM32F3xx_HAL_Driver/Src/stm32f3xx_hal_gpio.o
                0x0000000008002990                HAL_GPIO_WritePin
 .text.HAL_GPIO_EXTI_IRQHandler
                0x00000000080029c0       0x30 ./Drivers/STM32F3xx_HAL_Driver/Src/stm32f3xx_hal_gpio.o
                0x00000000080029c0                HAL_GPIO_EXTI_IRQHandler
 .text.HAL_RCC_OscConfig
                0x00000000080029f0     0x107c ./Drivers/STM32F3xx_HAL_Driver/Src/stm32f3xx_hal_rcc.o
                0x00000000080029f0                HAL_RCC_OscConfig
 .text.HAL_RCC_ClockConfig
                0x0000000008003a6c      0x2f8 ./Drivers/STM32F3xx_HAL_Driver/Src/stm32f3xx_hal_rcc.o
                0x0000000008003a6c                HAL_RCC_ClockConfig
 .text.HAL_RCC_GetSysClockFreq
                0x0000000008003d64       0xd4 ./Drivers/STM32F3xx_HAL_Driver/Src/stm32f3xx_hal_rcc.o
                0x0000000008003d64                HAL_RCC_GetSysClockFreq
 .text.HAL_RCCEx_PeriphCLKConfig
                0x0000000008003e38      0x24c ./Drivers/STM32F3xx_HAL_Driver/Src/stm32f3xx_hal_rcc_ex.o
                0x0000000008003e38                HAL_RCCEx_PeriphCLKConfig
 *fill*         0x0000000008004084        0x4 
 .text.log      0x0000000008004088       0x7c /app/stm32cubeide/plugins/com.st.stm32cube.ide.mcu.externaltools.gnu-tools-for-stm32.10.3-2021.10.linux64_1.0.200.202301161003/tools/bin/../lib/gcc/arm-none-eabi/10.3.1/../../../../arm-none-eabi/lib/thumb/v7e-m+fp/hard/libm.a(lib_a-w_log.o)
                0x0000000008004088                log
 *fill*         0x0000000008004104        0x4 
 .text.__ieee754_log
                0x0000000008004108      0x374 /app/stm32cubeide/plugins/com.st.stm32cube.ide.mcu.externaltools.gnu-tools-for-stm32.10.3-2021.10.linux64_1.0.200.202301161003/tools/bin/../lib/gcc/arm-none-eabi/10.3.1/../../../../arm-none-eabi/lib/thumb/v7e-m+fp/hard/libm.a(lib_a-e_log.o)
                0x0000000008004108                __ieee754_log
 *fill*         0x000000000800447c        0x4 
 .text.nan      0x0000000008004480       0x10 /app/stm32cubeide/plugins/com.st.stm32cube.ide.mcu.externaltools.gnu-tools-for-stm32.10.3-2021.10.linux64_1.0.200.202301161003/tools/bin/../lib/gcc/arm-none-eabi/10.3.1/../../../../arm-none-eabi/lib/thumb/v7e-m+fp/hard/libm.a(lib_a-s_nan.o)
                0x0000000008004480                nan
 .text.__errno  0x0000000008004490        0xc /app/stm32cubeide/plugins/com.st.stm32cube.ide.mcu.externaltools.gnu-tools-for-stm32.10.3-2021.10.linux64_1.0.200.202301161003/tools/bin/../lib/gcc/arm-none-eabi/10.3.1/../../../../arm-none-eabi/lib/thumb/v7e-m+fp/hard/libc_nano.a(lib_a-errno.o)
                0x0000000008004490                __errno
 .text.__libc_init_array
                0x000000000800449c       0x48 /app/stm32cubeide/plugins/com.st.stm32cube.ide.mcu.externaltools.gnu-tools-for-stm32.10.3-2021.10.linux64_1.0.200.202301161003/tools/bin/../lib/gcc/arm-none-eabi/10.3.1/../../../../arm-none-eabi/lib/thumb/v7e-m+fp/hard/libc_nano.a(lib_a-init.o)
                0x000000000800449c                __libc_init_array
 .text.memset   0x00000000080044e4       0x10 /app/stm32cubeide/plugins/com.st.stm32cube.ide.mcu.externaltools.gnu-tools-for-stm32.10.3-2021.10.linux64_1.0.200.202301161003/tools/bin/../lib/gcc/arm-none-eabi/10.3.1/../../../../arm-none-eabi/lib/thumb/v7e-m+fp/hard/libc_nano.a(lib_a-memset.o)
                0x00000000080044e4                memset
 .text.printf   0x00000000080044f4       0x30 /app/stm32cubeide/plugins/com.st.stm32cube.ide.mcu.externaltools.gnu-tools-for-stm32.10.3-2021.10.linux64_1.0.200.202301161003/tools/bin/../lib/gcc/arm-none-eabi/10.3.1/../../../../arm-none-eabi/lib/thumb/v7e-m+fp/hard/libc_nano.a(lib_a-printf.o)
                0x00000000080044f4                printf
                0x00000000080044f4                iprintf
 .text.std      0x0000000008004524       0x48 /app/stm32cubeide/plugins/com.st.stm32cube.ide.mcu.externaltools.gnu-tools-for-stm32.10.3-2021.10.linux64_1.0.200.202301161003/tools/bin/../lib/gcc/arm-none-eabi/10.3.1/../../../../arm-none-eabi/lib/thumb/v7e-m+fp/hard/libc_nano.a(lib_a-findfp.o)
 .text._cleanup_r
                0x000000000800456c        0xc /app/stm32cubeide/plugins/com.st.stm32cube.ide.mcu.externaltools.gnu-tools-for-stm32.10.3-2021.10.linux64_1.0.200.202301161003/tools/bin/../lib/gcc/arm-none-eabi/10.3.1/../../../../arm-none-eabi/lib/thumb/v7e-m+fp/hard/libc_nano.a(lib_a-findfp.o)
                0x000000000800456c                _cleanup_r
 .text.__sfmoreglue
                0x0000000008004578       0x2c /app/stm32cubeide/plugins/com.st.stm32cube.ide.mcu.externaltools.gnu-tools-for-stm32.10.3-2021.10.linux64_1.0.200.202301161003/tools/bin/../lib/gcc/arm-none-eabi/10.3.1/../../../../arm-none-eabi/lib/thumb/v7e-m+fp/hard/libc_nano.a(lib_a-findfp.o)
                0x0000000008004578                __sfmoreglue
 .text.__sfp_lock_acquire
                0x00000000080045a4        0xc /app/stm32cubeide/plugins/com.st.stm32cube.ide.mcu.externaltools.gnu-tools-for-stm32.10.3-2021.10.linux64_1.0.200.202301161003/tools/bin/../lib/gcc/arm-none-eabi/10.3.1/../../../../arm-none-eabi/lib/thumb/v7e-m+fp/hard/libc_nano.a(lib_a-findfp.o)
                0x00000000080045a4                __sfp_lock_acquire
 .text.__sfp_lock_release
                0x00000000080045b0        0xc /app/stm32cubeide/plugins/com.st.stm32cube.ide.mcu.externaltools.gnu-tools-for-stm32.10.3-2021.10.linux64_1.0.200.202301161003/tools/bin/../lib/gcc/arm-none-eabi/10.3.1/../../../../arm-none-eabi/lib/thumb/v7e-m+fp/hard/libc_nano.a(lib_a-findfp.o)
                0x00000000080045b0                __sfp_lock_release
 .text.__sinit_lock_acquire
                0x00000000080045bc        0xc /app/stm32cubeide/plugins/com.st.stm32cube.ide.mcu.externaltools.gnu-tools-for-stm32.10.3-2021.10.linux64_1.0.200.202301161003/tools/bin/../lib/gcc/arm-none-eabi/10.3.1/../../../../arm-none-eabi/lib/thumb/v7e-m+fp/hard/libc_nano.a(lib_a-findfp.o)
                0x00000000080045bc                __sinit_lock_acquire
 .text.__sinit_lock_release
                0x00000000080045c8        0xc /app/stm32cubeide/plugins/com.st.stm32cube.ide.mcu.externaltools.gnu-tools-for-stm32.10.3-2021.10.linux64_1.0.200.202301161003/tools/bin/../lib/gcc/arm-none-eabi/10.3.1/../../../../arm-none-eabi/lib/thumb/v7e-m+fp/hard/libc_nano.a(lib_a-findfp.o)
                0x00000000080045c8                __sinit_lock_release
 .text.__sinit  0x00000000080045d4       0x70 /app/stm32cubeide/plugins/com.st.stm32cube.ide.mcu.externaltools.gnu-tools-for-stm32.10.3-2021.10.linux64_1.0.200.202301161003/tools/bin/../lib/gcc/arm-none-eabi/10.3.1/../../../../arm-none-eabi/lib/thumb/v7e-m+fp/hard/libc_nano.a(lib_a-findfp.o)
                0x00000000080045d4                __sinit
 .text.__sfp    0x0000000008004644       0x8c /app/stm32cubeide/plugins/com.st.stm32cube.ide.mcu.externaltools.gnu-tools-for-stm32.10.3-2021.10.linux64_1.0.200.202301161003/tools/bin/../lib/gcc/arm-none-eabi/10.3.1/../../../../arm-none-eabi/lib/thumb/v7e-m+fp/hard/libc_nano.a(lib_a-findfp.o)
                0x0000000008004644                __sfp
 .text._fwalk_reent
                0x00000000080046d0       0x3e /app/stm32cubeide/plugins/com.st.stm32cube.ide.mcu.externaltools.gnu-tools-for-stm32.10.3-2021.10.linux64_1.0.200.202301161003/tools/bin/../lib/gcc/arm-none-eabi/10.3.1/../../../../arm-none-eabi/lib/thumb/v7e-m+fp/hard/libc_nano.a(lib_a-fwalk.o)
                0x00000000080046d0                _fwalk_reent
 .text.__retarget_lock_init_recursive
                0x000000000800470e        0x2 /app/stm32cubeide/plugins/com.st.stm32cube.ide.mcu.externaltools.gnu-tools-for-stm32.10.3-2021.10.linux64_1.0.200.202301161003/tools/bin/../lib/gcc/arm-none-eabi/10.3.1/../../../../arm-none-eabi/lib/thumb/v7e-m+fp/hard/libc_nano.a(lib_a-lock.o)
                0x000000000800470e                __retarget_lock_init_recursive
 .text.__retarget_lock_acquire_recursive
                0x0000000008004710        0x2 /app/stm32cubeide/plugins/com.st.stm32cube.ide.mcu.externaltools.gnu-tools-for-stm32.10.3-2021.10.linux64_1.0.200.202301161003/tools/bin/../lib/gcc/arm-none-eabi/10.3.1/../../../../arm-none-eabi/lib/thumb/v7e-m+fp/hard/libc_nano.a(lib_a-lock.o)
                0x0000000008004710                __retarget_lock_acquire_recursive
 .text.__retarget_lock_release_recursive
                0x0000000008004712        0x2 /app/stm32cubeide/plugins/com.st.stm32cube.ide.mcu.externaltools.gnu-tools-for-stm32.10.3-2021.10.linux64_1.0.200.202301161003/tools/bin/../lib/gcc/arm-none-eabi/10.3.1/../../../../arm-none-eabi/lib/thumb/v7e-m+fp/hard/libc_nano.a(lib_a-lock.o)
                0x0000000008004712                __retarget_lock_release_recursive
 .text.sbrk_aligned
                0x0000000008004714       0x40 /app/stm32cubeide/plugins/com.st.stm32cube.ide.mcu.externaltools.gnu-tools-for-stm32.10.3-2021.10.linux64_1.0.200.202301161003/tools/bin/../lib/gcc/arm-none-eabi/10.3.1/../../../../arm-none-eabi/lib/thumb/v7e-m+fp/hard/libc_nano.a(lib_a-nano-mallocr.o)
 .text._malloc_r
                0x0000000008004754       0xe8 /app/stm32cubeide/plugins/com.st.stm32cube.ide.mcu.externaltools.gnu-tools-for-stm32.10.3-2021.10.linux64_1.0.200.202301161003/tools/bin/../lib/gcc/arm-none-eabi/10.3.1/../../../../arm-none-eabi/lib/thumb/v7e-m+fp/hard/libc_nano.a(lib_a-nano-mallocr.o)
                0x0000000008004754                _malloc_r
 .text.__sfputc_r
                0x000000000800483c       0x2e /app/stm32cubeide/plugins/com.st.stm32cube.ide.mcu.externaltools.gnu-tools-for-stm32.10.3-2021.10.linux64_1.0.200.202301161003/tools/bin/../lib/gcc/arm-none-eabi/10.3.1/../../../../arm-none-eabi/lib/thumb/v7e-m+fp/hard/libc_nano.a(lib_a-nano-vfprintf.o)
 .text.__sfputs_r
                0x000000000800486a       0x24 /app/stm32cubeide/plugins/com.st.stm32cube.ide.mcu.externaltools.gnu-tools-for-stm32.10.3-2021.10.linux64_1.0.200.202301161003/tools/bin/../lib/gcc/arm-none-eabi/10.3.1/../../../../arm-none-eabi/lib/thumb/v7e-m+fp/hard/libc_nano.a(lib_a-nano-vfprintf.o)
                0x000000000800486a                __sfputs_r
 *fill*         0x000000000800488e        0x2 
 .text._vfprintf_r
                0x0000000008004890      0x260 /app/stm32cubeide/plugins/com.st.stm32cube.ide.mcu.externaltools.gnu-tools-for-stm32.10.3-2021.10.linux64_1.0.200.202301161003/tools/bin/../lib/gcc/arm-none-eabi/10.3.1/../../../../arm-none-eabi/lib/thumb/v7e-m+fp/hard/libc_nano.a(lib_a-nano-vfprintf.o)
                0x0000000008004890                _vfiprintf_r
                0x0000000008004890                _vfprintf_r
 .text._printf_common
                0x0000000008004af0       0xda /app/stm32cubeide/plugins/com.st.stm32cube.ide.mcu.externaltools.gnu-tools-for-stm32.10.3-2021.10.linux64_1.0.200.202301161003/tools/bin/../lib/gcc/arm-none-eabi/10.3.1/../../../../arm-none-eabi/lib/thumb/v7e-m+fp/hard/libc_nano.a(lib_a-nano-vfprintf_i.o)
                0x0000000008004af0                _printf_common
 *fill*         0x0000000008004bca        0x2 
 .text._printf_i
                0x0000000008004bcc      0x24c /app/stm32cubeide/plugins/com.st.stm32cube.ide.mcu.externaltools.gnu-tools-for-stm32.10.3-2021.10.linux64_1.0.200.202301161003/tools/bin/../lib/gcc/arm-none-eabi/10.3.1/../../../../arm-none-eabi/lib/thumb/v7e-m+fp/hard/libc_nano.a(lib_a-nano-vfprintf_i.o)
                0x0000000008004bcc                _printf_i
 .text._sbrk_r  0x0000000008004e18       0x20 /app/stm32cubeide/plugins/com.st.stm32cube.ide.mcu.externaltools.gnu-tools-for-stm32.10.3-2021.10.linux64_1.0.200.202301161003/tools/bin/../lib/gcc/arm-none-eabi/10.3.1/../../../../arm-none-eabi/lib/thumb/v7e-m+fp/hard/libc_nano.a(lib_a-sbrkr.o)
                0x0000000008004e18                _sbrk_r
 .text.__sread  0x0000000008004e38       0x22 /app/stm32cubeide/plugins/com.st.stm32cube.ide.mcu.externaltools.gnu-tools-for-stm32.10.3-2021.10.linux64_1.0.200.202301161003/tools/bin/../lib/gcc/arm-none-eabi/10.3.1/../../../../arm-none-eabi/lib/thumb/v7e-m+fp/hard/libc_nano.a(lib_a-stdio.o)
                0x0000000008004e38                __sread
 .text.__swrite
                0x0000000008004e5a       0x38 /app/stm32cubeide/plugins/com.st.stm32cube.ide.mcu.externaltools.gnu-tools-for-stm32.10.3-2021.10.linux64_1.0.200.202301161003/tools/bin/../lib/gcc/arm-none-eabi/10.3.1/../../../../arm-none-eabi/lib/thumb/v7e-m+fp/hard/libc_nano.a(lib_a-stdio.o)
                0x0000000008004e5a                __swrite
 .text.__sseek  0x0000000008004e92       0x24 /app/stm32cubeide/plugins/com.st.stm32cube.ide.mcu.externaltools.gnu-tools-for-stm32.10.3-2021.10.linux64_1.0.200.202301161003/tools/bin/../lib/gcc/arm-none-eabi/10.3.1/../../../../arm-none-eabi/lib/thumb/v7e-m+fp/hard/libc_nano.a(lib_a-stdio.o)
                0x0000000008004e92                __sseek
 .text.__sclose
                0x0000000008004eb6        0x8 /app/stm32cubeide/plugins/com.st.stm32cube.ide.mcu.externaltools.gnu-tools-for-stm32.10.3-2021.10.linux64_1.0.200.202301161003/tools/bin/../lib/gcc/arm-none-eabi/10.3.1/../../../../arm-none-eabi/lib/thumb/v7e-m+fp/hard/libc_nano.a(lib_a-stdio.o)
                0x0000000008004eb6                __sclose
 *fill*         0x0000000008004ebe        0x2 
 .text.__swbuf_r
                0x0000000008004ec0       0xa4 /app/stm32cubeide/plugins/com.st.stm32cube.ide.mcu.externaltools.gnu-tools-for-stm32.10.3-2021.10.linux64_1.0.200.202301161003/tools/bin/../lib/gcc/arm-none-eabi/10.3.1/../../../../arm-none-eabi/lib/thumb/v7e-m+fp/hard/libc_nano.a(lib_a-wbuf.o)
                0x0000000008004ec0                __swbuf_r
 .text._write_r
                0x0000000008004f64       0x24 /app/stm32cubeide/plugins/com.st.stm32cube.ide.mcu.externaltools.gnu-tools-for-stm32.10.3-2021.10.linux64_1.0.200.202301161003/tools/bin/../lib/gcc/arm-none-eabi/10.3.1/../../../../arm-none-eabi/lib/thumb/v7e-m+fp/hard/libc_nano.a(lib_a-writer.o)
                0x0000000008004f64                _write_r
 .text.__swsetup_r
                0x0000000008004f88       0xdc /app/stm32cubeide/plugins/com.st.stm32cube.ide.mcu.externaltools.gnu-tools-for-stm32.10.3-2021.10.linux64_1.0.200.202301161003/tools/bin/../lib/gcc/arm-none-eabi/10.3.1/../../../../arm-none-eabi/lib/thumb/v7e-m+fp/hard/libc_nano.a(lib_a-wsetup.o)
                0x0000000008004f88                __swsetup_r
 .text._close_r
                0x0000000008005064       0x20 /app/stm32cubeide/plugins/com.st.stm32cube.ide.mcu.externaltools.gnu-tools-for-stm32.10.3-2021.10.linux64_1.0.200.202301161003/tools/bin/../lib/gcc/arm-none-eabi/10.3.1/../../../../arm-none-eabi/lib/thumb/v7e-m+fp/hard/libc_nano.a(lib_a-closer.o)
                0x0000000008005064                _close_r
 .text.__sflush_r
                0x0000000008005084      0x10c /app/stm32cubeide/plugins/com.st.stm32cube.ide.mcu.externaltools.gnu-tools-for-stm32.10.3-2021.10.linux64_1.0.200.202301161003/tools/bin/../lib/gcc/arm-none-eabi/10.3.1/../../../../arm-none-eabi/lib/thumb/v7e-m+fp/hard/libc_nano.a(lib_a-fflush.o)
                0x0000000008005084                __sflush_r
 .text._fflush_r
                0x0000000008005190       0x78 /app/stm32cubeide/plugins/com.st.stm32cube.ide.mcu.externaltools.gnu-tools-for-stm32.10.3-2021.10.linux64_1.0.200.202301161003/tools/bin/../lib/gcc/arm-none-eabi/10.3.1/../../../../arm-none-eabi/lib/thumb/v7e-m+fp/hard/libc_nano.a(lib_a-fflush.o)
                0x0000000008005190                _fflush_r
 .text._lseek_r
                0x0000000008005208       0x24 /app/stm32cubeide/plugins/com.st.stm32cube.ide.mcu.externaltools.gnu-tools-for-stm32.10.3-2021.10.linux64_1.0.200.202301161003/tools/bin/../lib/gcc/arm-none-eabi/10.3.1/../../../../arm-none-eabi/lib/thumb/v7e-m+fp/hard/libc_nano.a(lib_a-lseekr.o)
                0x0000000008005208                _lseek_r
 .text.__swhatbuf_r
                0x000000000800522c       0x4a /app/stm32cubeide/plugins/com.st.stm32cube.ide.mcu.externaltools.gnu-tools-for-stm32.10.3-2021.10.linux64_1.0.200.202301161003/tools/bin/../lib/gcc/arm-none-eabi/10.3.1/../../../../arm-none-eabi/lib/thumb/v7e-m+fp/hard/libc_nano.a(lib_a-makebuf.o)
                0x000000000800522c                __swhatbuf_r
 *fill*         0x0000000008005276        0x2 
 .text.__smakebuf_r
                0x0000000008005278       0x80 /app/stm32cubeide/plugins/com.st.stm32cube.ide.mcu.externaltools.gnu-tools-for-stm32.10.3-2021.10.linux64_1.0.200.202301161003/tools/bin/../lib/gcc/arm-none-eabi/10.3.1/../../../../arm-none-eabi/lib/thumb/v7e-m+fp/hard/libc_nano.a(lib_a-makebuf.o)
                0x0000000008005278                __smakebuf_r
 .text.__malloc_lock
                0x00000000080052f8        0xc /app/stm32cubeide/plugins/com.st.stm32cube.ide.mcu.externaltools.gnu-tools-for-stm32.10.3-2021.10.linux64_1.0.200.202301161003/tools/bin/../lib/gcc/arm-none-eabi/10.3.1/../../../../arm-none-eabi/lib/thumb/v7e-m+fp/hard/libc_nano.a(lib_a-mlock.o)
                0x00000000080052f8                __malloc_lock
 .text.__malloc_unlock
                0x0000000008005304        0xc /app/stm32cubeide/plugins/com.st.stm32cube.ide.mcu.externaltools.gnu-tools-for-stm32.10.3-2021.10.linux64_1.0.200.202301161003/tools/bin/../lib/gcc/arm-none-eabi/10.3.1/../../../../arm-none-eabi/lib/thumb/v7e-m+fp/hard/libc_nano.a(lib_a-mlock.o)
                0x0000000008005304                __malloc_unlock
 .text._free_r  0x0000000008005310       0x98 /app/stm32cubeide/plugins/com.st.stm32cube.ide.mcu.externaltools.gnu-tools-for-stm32.10.3-2021.10.linux64_1.0.200.202301161003/tools/bin/../lib/gcc/arm-none-eabi/10.3.1/../../../../arm-none-eabi/lib/thumb/v7e-m+fp/hard/libc_nano.a(lib_a-nano-freer.o)
                0x0000000008005310                _free_r
 .text._read_r  0x00000000080053a8       0x24 /app/stm32cubeide/plugins/com.st.stm32cube.ide.mcu.externaltools.gnu-tools-for-stm32.10.3-2021.10.linux64_1.0.200.202301161003/tools/bin/../lib/gcc/arm-none-eabi/10.3.1/../../../../arm-none-eabi/lib/thumb/v7e-m+fp/hard/libc_nano.a(lib_a-readr.o)
                0x00000000080053a8                _read_r
 .text._fstat_r
                0x00000000080053cc       0x24 /app/stm32cubeide/plugins/com.st.stm32cube.ide.mcu.externaltools.gnu-tools-for-stm32.10.3-2021.10.linux64_1.0.200.202301161003/tools/bin/../lib/gcc/arm-none-eabi/10.3.1/../../../../arm-none-eabi/lib/thumb/v7e-m+fp/hard/libc_nano.a(lib_a-fstatr.o)
                0x00000000080053cc                _fstat_r
 .text._isatty_r
                0x00000000080053f0       0x20 /app/stm32cubeide/plugins/com.st.stm32cube.ide.mcu.externaltools.gnu-tools-for-stm32.10.3-2021.10.linux64_1.0.200.202301161003/tools/bin/../lib/gcc/arm-none-eabi/10.3.1/../../../../arm-none-eabi/lib/thumb/v7e-m+fp/hard/libc_nano.a(lib_a-isattyr.o)
                0x00000000080053f0                _isatty_r
 *(.glue_7)
 .glue_7        0x0000000008005410        0x0 linker stubs
 *(.glue_7t)
 .glue_7t       0x0000000008005410        0x0 linker stubs
 *(.eh_frame)
 .eh_frame      0x0000000008005410        0x0 /app/stm32cubeide/plugins/com.st.stm32cube.ide.mcu.externaltools.gnu-tools-for-stm32.10.3-2021.10.linux64_1.0.200.202301161003/tools/bin/../lib/gcc/arm-none-eabi/10.3.1/thumb/v7e-m+fp/hard/crtbegin.o
 *(.init)
 .init          0x0000000008005410        0x4 /app/stm32cubeide/plugins/com.st.stm32cube.ide.mcu.externaltools.gnu-tools-for-stm32.10.3-2021.10.linux64_1.0.200.202301161003/tools/bin/../lib/gcc/arm-none-eabi/10.3.1/thumb/v7e-m+fp/hard/crti.o
                0x0000000008005410                _init
 .init          0x0000000008005414        0x8 /app/stm32cubeide/plugins/com.st.stm32cube.ide.mcu.externaltools.gnu-tools-for-stm32.10.3-2021.10.linux64_1.0.200.202301161003/tools/bin/../lib/gcc/arm-none-eabi/10.3.1/thumb/v7e-m+fp/hard/crtn.o
 *(.fini)
 .fini          0x000000000800541c        0x4 /app/stm32cubeide/plugins/com.st.stm32cube.ide.mcu.externaltools.gnu-tools-for-stm32.10.3-2021.10.linux64_1.0.200.202301161003/tools/bin/../lib/gcc/arm-none-eabi/10.3.1/thumb/v7e-m+fp/hard/crti.o
                0x000000000800541c                _fini
 .fini          0x0000000008005420        0x8 /app/stm32cubeide/plugins/com.st.stm32cube.ide.mcu.externaltools.gnu-tools-for-stm32.10.3-2021.10.linux64_1.0.200.202301161003/tools/bin/../lib/gcc/arm-none-eabi/10.3.1/thumb/v7e-m+fp/hard/crtn.o
                0x0000000008005428                . = ALIGN (0x4)
                0x0000000008005428                _etext = .

.vfp11_veneer   0x0000000008005428        0x0
 .vfp11_veneer  0x0000000008005428        0x0 linker stubs

.v4_bx          0x0000000008005428        0x0
 .v4_bx         0x0000000008005428        0x0 linker stubs

.iplt           0x0000000008005428        0x0
 .iplt          0x0000000008005428        0x0 /app/stm32cubeide/plugins/com.st.stm32cube.ide.mcu.externaltools.gnu-tools-for-stm32.10.3-2021.10.linux64_1.0.200.202301161003/tools/bin/../lib/gcc/arm-none-eabi/10.3.1/thumb/v7e-m+fp/hard/crtbegin.o

.rodata         0x0000000008005428       0xd8
                0x0000000008005428                . = ALIGN (0x4)
 *(.rodata)
 .rodata        0x0000000008005428       0x10 ./Core/Src/capameter.o
 *(.rodata*)
 .rodata.AHBPrescTable
                0x0000000008005438       0x10 ./Core/Src/system_stm32f3xx.o
                0x0000000008005438                AHBPrescTable
 .rodata.aPLLMULFactorTable
                0x0000000008005448       0x10 ./Drivers/STM32F3xx_HAL_Driver/Src/stm32f3xx_hal_rcc.o
 .rodata.aPredivFactorTable
                0x0000000008005458       0x10 ./Drivers/STM32F3xx_HAL_Driver/Src/stm32f3xx_hal_rcc.o
 .rodata.log.str1.1
                0x0000000008005468        0x0 /app/stm32cubeide/plugins/com.st.stm32cube.ide.mcu.externaltools.gnu-tools-for-stm32.10.3-2021.10.linux64_1.0.200.202301161003/tools/bin/../lib/gcc/arm-none-eabi/10.3.1/../../../../arm-none-eabi/lib/thumb/v7e-m+fp/hard/libm.a(lib_a-w_log.o)
                                          0x1 (size before relaxing)
 .rodata._global_impure_ptr
                0x0000000008005468        0x4 /app/stm32cubeide/plugins/com.st.stm32cube.ide.mcu.externaltools.gnu-tools-for-stm32.10.3-2021.10.linux64_1.0.200.202301161003/tools/bin/../lib/gcc/arm-none-eabi/10.3.1/../../../../arm-none-eabi/lib/thumb/v7e-m+fp/hard/libc_nano.a(lib_a-impure.o)
                0x0000000008005468                _global_impure_ptr
 .rodata.__sf_fake_stderr
                0x000000000800546c       0x20 /app/stm32cubeide/plugins/com.st.stm32cube.ide.mcu.externaltools.gnu-tools-for-stm32.10.3-2021.10.linux64_1.0.200.202301161003/tools/bin/../lib/gcc/arm-none-eabi/10.3.1/../../../../arm-none-eabi/lib/thumb/v7e-m+fp/hard/libc_nano.a(lib_a-findfp.o)
                0x000000000800546c                __sf_fake_stderr
 .rodata.__sf_fake_stdin
                0x000000000800548c       0x20 /app/stm32cubeide/plugins/com.st.stm32cube.ide.mcu.externaltools.gnu-tools-for-stm32.10.3-2021.10.linux64_1.0.200.202301161003/tools/bin/../lib/gcc/arm-none-eabi/10.3.1/../../../../arm-none-eabi/lib/thumb/v7e-m+fp/hard/libc_nano.a(lib_a-findfp.o)
                0x000000000800548c                __sf_fake_stdin
 .rodata.__sf_fake_stdout
                0x00000000080054ac       0x20 /app/stm32cubeide/plugins/com.st.stm32cube.ide.mcu.externaltools.gnu-tools-for-stm32.10.3-2021.10.linux64_1.0.200.202301161003/tools/bin/../lib/gcc/arm-none-eabi/10.3.1/../../../../arm-none-eabi/lib/thumb/v7e-m+fp/hard/libc_nano.a(lib_a-findfp.o)
                0x00000000080054ac                __sf_fake_stdout
 .rodata._vfprintf_r.str1.1
                0x00000000080054cc       0x11 /app/stm32cubeide/plugins/com.st.stm32cube.ide.mcu.externaltools.gnu-tools-for-stm32.10.3-2021.10.linux64_1.0.200.202301161003/tools/bin/../lib/gcc/arm-none-eabi/10.3.1/../../../../arm-none-eabi/lib/thumb/v7e-m+fp/hard/libc_nano.a(lib_a-nano-vfprintf.o)
 .rodata._printf_i.str1.1
                0x00000000080054dd       0x22 /app/stm32cubeide/plugins/com.st.stm32cube.ide.mcu.externaltools.gnu-tools-for-stm32.10.3-2021.10.linux64_1.0.200.202301161003/tools/bin/../lib/gcc/arm-none-eabi/10.3.1/../../../../arm-none-eabi/lib/thumb/v7e-m+fp/hard/libc_nano.a(lib_a-nano-vfprintf_i.o)
                0x0000000008005500                . = ALIGN (0x4)
 *fill*         0x00000000080054ff        0x1 

.rel.dyn        0x0000000008005500        0x0
 .rel.iplt      0x0000000008005500        0x0 /app/stm32cubeide/plugins/com.st.stm32cube.ide.mcu.externaltools.gnu-tools-for-stm32.10.3-2021.10.linux64_1.0.200.202301161003/tools/bin/../lib/gcc/arm-none-eabi/10.3.1/thumb/v7e-m+fp/hard/crtbegin.o

.ARM.extab      0x0000000008005500        0x0
                0x0000000008005500                . = ALIGN (0x4)
 *(.ARM.extab* .gnu.linkonce.armextab.*)
                0x0000000008005500                . = ALIGN (0x4)

.ARM            0x0000000008005500        0x0
                0x0000000008005500                . = ALIGN (0x4)
                0x0000000008005500                __exidx_start = .
 *(.ARM.exidx*)
                0x0000000008005500                __exidx_end = .
                0x0000000008005500                . = ALIGN (0x4)

.preinit_array  0x0000000008005500        0x0
                0x0000000008005500                . = ALIGN (0x4)
                0x0000000008005500                PROVIDE (__preinit_array_start = .)
 *(.preinit_array*)
                0x0000000008005500                PROVIDE (__preinit_array_end = .)
                0x0000000008005500                . = ALIGN (0x4)

.init_array     0x0000000008005500        0x4
                0x0000000008005500                . = ALIGN (0x4)
                0x0000000008005500                PROVIDE (__init_array_start = .)
 *(SORT_BY_NAME(.init_array.*))
 *(.init_array*)
 .init_array    0x0000000008005500        0x4 /app/stm32cubeide/plugins/com.st.stm32cube.ide.mcu.externaltools.gnu-tools-for-stm32.10.3-2021.10.linux64_1.0.200.202301161003/tools/bin/../lib/gcc/arm-none-eabi/10.3.1/thumb/v7e-m+fp/hard/crtbegin.o
                0x0000000008005504                PROVIDE (__init_array_end = .)
                0x0000000008005504                . = ALIGN (0x4)

.fini_array     0x0000000008005504        0x4
                0x0000000008005504                . = ALIGN (0x4)
                [!provide]                        PROVIDE (__fini_array_start = .)
 *(SORT_BY_NAME(.fini_array.*))
 *(.fini_array*)
 .fini_array    0x0000000008005504        0x4 /app/stm32cubeide/plugins/com.st.stm32cube.ide.mcu.externaltools.gnu-tools-for-stm32.10.3-2021.10.linux64_1.0.200.202301161003/tools/bin/../lib/gcc/arm-none-eabi/10.3.1/thumb/v7e-m+fp/hard/crtbegin.o
                [!provide]                        PROVIDE (__fini_array_end = .)
                0x0000000008005508                . = ALIGN (0x4)
                0x0000000008005508                _sidata = LOADADDR (.data)

.data           0x0000000020000000       0x70 load address 0x0000000008005508
                0x0000000020000000                . = ALIGN (0x4)
                0x0000000020000000                _sdata = .
 *(.data)
 *(.data*)
 .data.SystemCoreClock
                0x0000000020000000        0x4 ./Core/Src/system_stm32f3xx.o
                0x0000000020000000                SystemCoreClock
 .data.uwTickPrio
                0x0000000020000004        0x4 ./Drivers/STM32F3xx_HAL_Driver/Src/stm32f3xx_hal.o
                0x0000000020000004                uwTickPrio
 .data.uwTickFreq
                0x0000000020000008        0x1 ./Drivers/STM32F3xx_HAL_Driver/Src/stm32f3xx_hal.o
                0x0000000020000008                uwTickFreq
 *fill*         0x0000000020000009        0x3 
 .data._impure_ptr
                0x000000002000000c        0x4 /app/stm32cubeide/plugins/com.st.stm32cube.ide.mcu.externaltools.gnu-tools-for-stm32.10.3-2021.10.linux64_1.0.200.202301161003/tools/bin/../lib/gcc/arm-none-eabi/10.3.1/../../../../arm-none-eabi/lib/thumb/v7e-m+fp/hard/libc_nano.a(lib_a-impure.o)
                0x000000002000000c                _impure_ptr
 .data.impure_data
                0x0000000020000010       0x60 /app/stm32cubeide/plugins/com.st.stm32cube.ide.mcu.externaltools.gnu-tools-for-stm32.10.3-2021.10.linux64_1.0.200.202301161003/tools/bin/../lib/gcc/arm-none-eabi/10.3.1/../../../../arm-none-eabi/lib/thumb/v7e-m+fp/hard/libc_nano.a(lib_a-impure.o)
 *(.RamFunc)
 *(.RamFunc*)
                0x0000000020000070                . = ALIGN (0x4)
                0x0000000020000070                _edata = .
                0x0000000008005578                _siccmram = LOADADDR (.ccmram)

.igot.plt       0x0000000020000070        0x0 load address 0x0000000008005578
 .igot.plt      0x0000000020000070        0x0 /app/stm32cubeide/plugins/com.st.stm32cube.ide.mcu.externaltools.gnu-tools-for-stm32.10.3-2021.10.linux64_1.0.200.202301161003/tools/bin/../lib/gcc/arm-none-eabi/10.3.1/thumb/v7e-m+fp/hard/crtbegin.o

.ccmram         0x0000000010000000        0x0 load address 0x0000000008005578
                0x0000000010000000                . = ALIGN (0x4)
                0x0000000010000000                _sccmram = .
 *(.ccmram)
 *(.ccmram*)
                0x0000000010000000                . = ALIGN (0x4)
                0x0000000010000000                _eccmram = .
                0x0000000010000000                . = ALIGN (0x4)

.bss            0x0000000020000070       0x88
                0x0000000020000070                _sbss = .
                0x0000000020000070                __bss_start__ = _sbss
 *(.bss)
 .bss           0x0000000020000070       0x1c /app/stm32cubeide/plugins/com.st.stm32cube.ide.mcu.externaltools.gnu-tools-for-stm32.10.3-2021.10.linux64_1.0.200.202301161003/tools/bin/../lib/gcc/arm-none-eabi/10.3.1/thumb/v7e-m+fp/hard/crtbegin.o
 *(.bss*)
 .bss.adc_ready
                0x000000002000008c        0x1 ./Core/Src/capameter.o
                0x000000002000008c                adc_ready
 *fill*         0x000000002000008d        0x3 
 .bss.hadc2     0x0000000020000090       0x50 ./Core/Src/main.o
                0x0000000020000090                hadc2
 .bss.__sbrk_heap_end
                0x00000000200000e0        0x4 ./Core/Src/sysmem.o
 .bss.uwTick    0x00000000200000e4        0x4 ./Drivers/STM32F3xx_HAL_Driver/Src/stm32f3xx_hal.o
                0x00000000200000e4                uwTick
 .bss.__lock___malloc_recursive_mutex
                0x00000000200000e8        0x1 /app/stm32cubeide/plugins/com.st.stm32cube.ide.mcu.externaltools.gnu-tools-for-stm32.10.3-2021.10.linux64_1.0.200.202301161003/tools/bin/../lib/gcc/arm-none-eabi/10.3.1/../../../../arm-none-eabi/lib/thumb/v7e-m+fp/hard/libc_nano.a(lib_a-lock.o)
                0x00000000200000e8                __lock___malloc_recursive_mutex
 .bss.__lock___sfp_recursive_mutex
                0x00000000200000e9        0x1 /app/stm32cubeide/plugins/com.st.stm32cube.ide.mcu.externaltools.gnu-tools-for-stm32.10.3-2021.10.linux64_1.0.200.202301161003/tools/bin/../lib/gcc/arm-none-eabi/10.3.1/../../../../arm-none-eabi/lib/thumb/v7e-m+fp/hard/libc_nano.a(lib_a-lock.o)
                0x00000000200000e9                __lock___sfp_recursive_mutex
 .bss.__lock___sinit_recursive_mutex
                0x00000000200000ea        0x1 /app/stm32cubeide/plugins/com.st.stm32cube.ide.mcu.externaltools.gnu-tools-for-stm32.10.3-2021.10.linux64_1.0.200.202301161003/tools/bin/../lib/gcc/arm-none-eabi/10.3.1/../../../../arm-none-eabi/lib/thumb/v7e-m+fp/hard/libc_nano.a(lib_a-lock.o)
                0x00000000200000ea                __lock___sinit_recursive_mutex
 *fill*         0x00000000200000eb        0x1 
 .bss.__malloc_free_list
                0x00000000200000ec        0x4 /app/stm32cubeide/plugins/com.st.stm32cube.ide.mcu.externaltools.gnu-tools-for-stm32.10.3-2021.10.linux64_1.0.200.202301161003/tools/bin/../lib/gcc/arm-none-eabi/10.3.1/../../../../arm-none-eabi/lib/thumb/v7e-m+fp/hard/libc_nano.a(lib_a-nano-mallocr.o)
                0x00000000200000ec                __malloc_free_list
 .bss.__malloc_sbrk_start
                0x00000000200000f0        0x4 /app/stm32cubeide/plugins/com.st.stm32cube.ide.mcu.externaltools.gnu-tools-for-stm32.10.3-2021.10.linux64_1.0.200.202301161003/tools/bin/../lib/gcc/arm-none-eabi/10.3.1/../../../../arm-none-eabi/lib/thumb/v7e-m+fp/hard/libc_nano.a(lib_a-nano-mallocr.o)
                0x00000000200000f0                __malloc_sbrk_start
 .bss.errno     0x00000000200000f4        0x4 /app/stm32cubeide/plugins/com.st.stm32cube.ide.mcu.externaltools.gnu-tools-for-stm32.10.3-2021.10.linux64_1.0.200.202301161003/tools/bin/../lib/gcc/arm-none-eabi/10.3.1/../../../../arm-none-eabi/lib/thumb/v7e-m+fp/hard/libc_nano.a(lib_a-reent.o)
                0x00000000200000f4                errno
 *(COMMON)
                0x00000000200000f8                . = ALIGN (0x4)
                0x00000000200000f8                _ebss = .
                0x00000000200000f8                __bss_end__ = _ebss

._user_heap_stack
                0x00000000200000f8      0x600
                0x00000000200000f8                . = ALIGN (0x8)
                [!provide]                        PROVIDE (end = .)
                0x00000000200000f8                PROVIDE (_end = .)
                0x00000000200002f8                . = (. + _Min_Heap_Size)
 *fill*         0x00000000200000f8      0x200 
                0x00000000200006f8                . = (. + _Min_Stack_Size)
 *fill*         0x00000000200002f8      0x400 
                0x00000000200006f8                . = ALIGN (0x8)

/DISCARD/
 libc.a(*)
 libm.a(*)
 libgcc.a(*)

.ARM.attributes
                0x0000000000000000       0x30
 *(.ARM.attributes)
 .ARM.attributes
                0x0000000000000000       0x1e /app/stm32cubeide/plugins/com.st.stm32cube.ide.mcu.externaltools.gnu-tools-for-stm32.10.3-2021.10.linux64_1.0.200.202301161003/tools/bin/../lib/gcc/arm-none-eabi/10.3.1/thumb/v7e-m+fp/hard/crti.o
 .ARM.attributes
                0x000000000000001e       0x34 /app/stm32cubeide/plugins/com.st.stm32cube.ide.mcu.externaltools.gnu-tools-for-stm32.10.3-2021.10.linux64_1.0.200.202301161003/tools/bin/../lib/gcc/arm-none-eabi/10.3.1/thumb/v7e-m+fp/hard/crtbegin.o
 .ARM.attributes
                0x0000000000000052       0x34 ./Core/Src/capameter.o
 .ARM.attributes
                0x0000000000000086       0x34 ./Core/Src/main.o
 .ARM.attributes
                0x00000000000000ba       0x34 ./Core/Src/selfmeter.o
 .ARM.attributes
                0x00000000000000ee       0x34 ./Core/Src/stm32f3xx_hal_msp.o
 .ARM.attributes
                0x0000000000000122       0x34 ./Core/Src/stm32f3xx_it.o
 .ARM.attributes
                0x0000000000000156       0x34 ./Core/Src/syscalls.o
 .ARM.attributes
                0x000000000000018a       0x34 ./Core/Src/sysmem.o
 .ARM.attributes
                0x00000000000001be       0x34 ./Core/Src/system_stm32f3xx.o
 .ARM.attributes
                0x00000000000001f2       0x34 ./Core/Src/units.o
 .ARM.attributes
                0x0000000000000226       0x21 ./Core/Startup/startup_stm32f303k8tx.o
 .ARM.attributes
                0x0000000000000247       0x34 ./Drivers/STM32F3xx_HAL_Driver/Src/stm32f3xx_hal.o
 .ARM.attributes
                0x000000000000027b       0x34 ./Drivers/STM32F3xx_HAL_Driver/Src/stm32f3xx_hal_adc_ex.o
 .ARM.attributes
                0x00000000000002af       0x34 ./Drivers/STM32F3xx_HAL_Driver/Src/stm32f3xx_hal_cortex.o
 .ARM.attributes
                0x00000000000002e3       0x34 ./Drivers/STM32F3xx_HAL_Driver/Src/stm32f3xx_hal_gpio.o
 .ARM.attributes
                0x0000000000000317       0x34 ./Drivers/STM32F3xx_HAL_Driver/Src/stm32f3xx_hal_rcc.o
 .ARM.attributes
                0x000000000000034b       0x34 ./Drivers/STM32F3xx_HAL_Driver/Src/stm32f3xx_hal_rcc_ex.o
 .ARM.attributes
                0x000000000000037f       0x34 /app/stm32cubeide/plugins/com.st.stm32cube.ide.mcu.externaltools.gnu-tools-for-stm32.10.3-2021.10.linux64_1.0.200.202301161003/tools/bin/../lib/gcc/arm-none-eabi/10.3.1/../../../../arm-none-eabi/lib/thumb/v7e-m+fp/hard/libm.a(lib_a-w_log.o)
 .ARM.attributes
                0x00000000000003b3       0x34 /app/stm32cubeide/plugins/com.st.stm32cube.ide.mcu.externaltools.gnu-tools-for-stm32.10.3-2021.10.linux64_1.0.200.202301161003/tools/bin/../lib/gcc/arm-none-eabi/10.3.1/../../../../arm-none-eabi/lib/thumb/v7e-m+fp/hard/libm.a(lib_a-e_log.o)
 .ARM.attributes
                0x00000000000003e7       0x34 /app/stm32cubeide/plugins/com.st.stm32cube.ide.mcu.externaltools.gnu-tools-for-stm32.10.3-2021.10.linux64_1.0.200.202301161003/tools/bin/../lib/gcc/arm-none-eabi/10.3.1/../../../../arm-none-eabi/lib/thumb/v7e-m+fp/hard/libm.a(lib_a-s_nan.o)
 .ARM.attributes
                0x000000000000041b       0x34 /app/stm32cubeide/plugins/com.st.stm32cube.ide.mcu.externaltools.gnu-tools-for-stm32.10.3-2021.10.linux64_1.0.200.202301161003/tools/bin/../lib/gcc/arm-none-eabi/10.3.1/../../../../arm-none-eabi/lib/thumb/v7e-m+fp/hard/libc_nano.a(lib_a-errno.o)
 .ARM.attributes
                0x000000000000044f       0x34 /app/stm32cubeide/plugins/com.st.stm32cube.ide.mcu.externaltools.gnu-tools-for-stm32.10.3-2021.10.linux64_1.0.200.202301161003/tools/bin/../lib/gcc/arm-none-eabi/10.3.1/../../../../arm-none-eabi/lib/thumb/v7e-m+fp/hard/libc_nano.a(lib_a-impure.o)
 .ARM.attributes
                0x0000000000000483       0x34 /app/stm32cubeide/plugins/com.st.stm32cube.ide.mcu.externaltools.gnu-tools-for-stm32.10.3-2021.10.linux64_1.0.200.202301161003/tools/bin/../lib/gcc/arm-none-eabi/10.3.1/../../../../arm-none-eabi/lib/thumb/v7e-m+fp/hard/libc_nano.a(lib_a-init.o)
 .ARM.attributes
                0x00000000000004b7       0x34 /app/stm32cubeide/plugins/com.st.stm32cube.ide.mcu.externaltools.gnu-tools-for-stm32.10.3-2021.10.linux64_1.0.200.202301161003/tools/bin/../lib/gcc/arm-none-eabi/10.3.1/../../../../arm-none-eabi/lib/thumb/v7e-m+fp/hard/libc_nano.a(lib_a-memset.o)
 .ARM.attributes
                0x00000000000004eb       0x34 /app/stm32cubeide/plugins/com.st.stm32cube.ide.mcu.externaltools.gnu-tools-for-stm32.10.3-2021.10.linux64_1.0.200.202301161003/tools/bin/../lib/gcc/arm-none-eabi/10.3.1/../../../../arm-none-eabi/lib/thumb/v7e-m+fp/hard/libc_nano.a(lib_a-printf.o)
 .ARM.attributes
                0x000000000000051f       0x34 /app/stm32cubeide/plugins/com.st.stm32cube.ide.mcu.externaltools.gnu-tools-for-stm32.10.3-2021.10.linux64_1.0.200.202301161003/tools/bin/../lib/gcc/arm-none-eabi/10.3.1/../../../../arm-none-eabi/lib/thumb/v7e-m+fp/hard/libc_nano.a(lib_a-findfp.o)
 .ARM.attributes
                0x0000000000000553       0x34 /app/stm32cubeide/plugins/com.st.stm32cube.ide.mcu.externaltools.gnu-tools-for-stm32.10.3-2021.10.linux64_1.0.200.202301161003/tools/bin/../lib/gcc/arm-none-eabi/10.3.1/../../../../arm-none-eabi/lib/thumb/v7e-m+fp/hard/libc_nano.a(lib_a-fwalk.o)
 .ARM.attributes
                0x0000000000000587       0x34 /app/stm32cubeide/plugins/com.st.stm32cube.ide.mcu.externaltools.gnu-tools-for-stm32.10.3-2021.10.linux64_1.0.200.202301161003/tools/bin/../lib/gcc/arm-none-eabi/10.3.1/../../../../arm-none-eabi/lib/thumb/v7e-m+fp/hard/libc_nano.a(lib_a-lock.o)
 .ARM.attributes
                0x00000000000005bb       0x34 /app/stm32cubeide/plugins/com.st.stm32cube.ide.mcu.externaltools.gnu-tools-for-stm32.10.3-2021.10.linux64_1.0.200.202301161003/tools/bin/../lib/gcc/arm-none-eabi/10.3.1/../../../../arm-none-eabi/lib/thumb/v7e-m+fp/hard/libc_nano.a(lib_a-nano-mallocr.o)
 .ARM.attributes
                0x00000000000005ef       0x34 /app/stm32cubeide/plugins/com.st.stm32cube.ide.mcu.externaltools.gnu-tools-for-stm32.10.3-2021.10.linux64_1.0.200.202301161003/tools/bin/../lib/gcc/arm-none-eabi/10.3.1/../../../../arm-none-eabi/lib/thumb/v7e-m+fp/hard/libc_nano.a(lib_a-nano-vfprintf.o)
 .ARM.attributes
                0x0000000000000623       0x34 /app/stm32cubeide/plugins/com.st.stm32cube.ide.mcu.externaltools.gnu-tools-for-stm32.10.3-2021.10.linux64_1.0.200.202301161003/tools/bin/../lib/gcc/arm-none-eabi/10.3.1/../../../../arm-none-eabi/lib/thumb/v7e-m+fp/hard/libc_nano.a(lib_a-nano-vfprintf_i.o)
 .ARM.attributes
                0x0000000000000657       0x34 /app/stm32cubeide/plugins/com.st.stm32cube.ide.mcu.externaltools.gnu-tools-for-stm32.10.3-2021.10.linux64_1.0.200.202301161003/tools/bin/../lib/gcc/arm-none-eabi/10.3.1/../../../../arm-none-eabi/lib/thumb/v7e-m+fp/hard/libc_nano.a(lib_a-sbrkr.o)
 .ARM.attributes
                0x000000000000068b       0x34 /app/stm32cubeide/plugins/com.st.stm32cube.ide.mcu.externaltools.gnu-tools-for-stm32.10.3-2021.10.linux64_1.0.200.202301161003/tools/bin/../lib/gcc/arm-none-eabi/10.3.1/../../../../arm-none-eabi/lib/thumb/v7e-m+fp/hard/libc_nano.a(lib_a-stdio.o)
 .ARM.attributes
                0x00000000000006bf       0x34 /app/stm32cubeide/plugins/com.st.stm32cube.ide.mcu.externaltools.gnu-tools-for-stm32.10.3-2021.10.linux64_1.0.200.202301161003/tools/bin/../lib/gcc/arm-none-eabi/10.3.1/../../../../arm-none-eabi/lib/thumb/v7e-m+fp/hard/libc_nano.a(lib_a-wbuf.o)
 .ARM.attributes
                0x00000000000006f3       0x34 /app/stm32cubeide/plugins/com.st.stm32cube.ide.mcu.externaltools.gnu-tools-for-stm32.10.3-2021.10.linux64_1.0.200.202301161003/tools/bin/../lib/gcc/arm-none-eabi/10.3.1/../../../../arm-none-eabi/lib/thumb/v7e-m+fp/hard/libc_nano.a(lib_a-writer.o)
 .ARM.attributes
                0x0000000000000727       0x34 /app/stm32cubeide/plugins/com.st.stm32cube.ide.mcu.externaltools.gnu-tools-for-stm32.10.3-2021.10.linux64_1.0.200.202301161003/tools/bin/../lib/gcc/arm-none-eabi/10.3.1/../../../../arm-none-eabi/lib/thumb/v7e-m+fp/hard/libc_nano.a(lib_a-wsetup.o)
 .ARM.attributes
                0x000000000000075b       0x34 /app/stm32cubeide/plugins/com.st.stm32cube.ide.mcu.externaltools.gnu-tools-for-stm32.10.3-2021.10.linux64_1.0.200.202301161003/tools/bin/../lib/gcc/arm-none-eabi/10.3.1/../../../../arm-none-eabi/lib/thumb/v7e-m+fp/hard/libc_nano.a(lib_a-closer.o)
 .ARM.attributes
                0x000000000000078f       0x34 /app/stm32cubeide/plugins/com.st.stm32cube.ide.mcu.externaltools.gnu-tools-for-stm32.10.3-2021.10.linux64_1.0.200.202301161003/tools/bin/../lib/gcc/arm-none-eabi/10.3.1/../../../../arm-none-eabi/lib/thumb/v7e-m+fp/hard/libc_nano.a(lib_a-fflush.o)
 .ARM.attributes
                0x00000000000007c3       0x34 /app/stm32cubeide/plugins/com.st.stm32cube.ide.mcu.externaltools.gnu-tools-for-stm32.10.3-2021.10.linux64_1.0.200.202301161003/tools/bin/../lib/gcc/arm-none-eabi/10.3.1/../../../../arm-none-eabi/lib/thumb/v7e-m+fp/hard/libc_nano.a(lib_a-lseekr.o)
 .ARM.attributes
                0x00000000000007f7       0x34 /app/stm32cubeide/plugins/com.st.stm32cube.ide.mcu.externaltools.gnu-tools-for-stm32.10.3-2021.10.linux64_1.0.200.202301161003/tools/bin/../lib/gcc/arm-none-eabi/10.3.1/../../../../arm-none-eabi/lib/thumb/v7e-m+fp/hard/libc_nano.a(lib_a-makebuf.o)
 .ARM.attributes
                0x000000000000082b       0x1c /app/stm32cubeide/plugins/com.st.stm32cube.ide.mcu.externaltools.gnu-tools-for-stm32.10.3-2021.10.linux64_1.0.200.202301161003/tools/bin/../lib/gcc/arm-none-eabi/10.3.1/../../../../arm-none-eabi/lib/thumb/v7e-m+fp/hard/libc_nano.a(lib_a-memchr.o)
 .ARM.attributes
                0x0000000000000847       0x34 /app/stm32cubeide/plugins/com.st.stm32cube.ide.mcu.externaltools.gnu-tools-for-stm32.10.3-2021.10.linux64_1.0.200.202301161003/tools/bin/../lib/gcc/arm-none-eabi/10.3.1/../../../../arm-none-eabi/lib/thumb/v7e-m+fp/hard/libc_nano.a(lib_a-mlock.o)
 .ARM.attributes
                0x000000000000087b       0x34 /app/stm32cubeide/plugins/com.st.stm32cube.ide.mcu.externaltools.gnu-tools-for-stm32.10.3-2021.10.linux64_1.0.200.202301161003/tools/bin/../lib/gcc/arm-none-eabi/10.3.1/../../../../arm-none-eabi/lib/thumb/v7e-m+fp/hard/libc_nano.a(lib_a-nano-freer.o)
 .ARM.attributes
                0x00000000000008af       0x34 /app/stm32cubeide/plugins/com.st.stm32cube.ide.mcu.externaltools.gnu-tools-for-stm32.10.3-2021.10.linux64_1.0.200.202301161003/tools/bin/../lib/gcc/arm-none-eabi/10.3.1/../../../../arm-none-eabi/lib/thumb/v7e-m+fp/hard/libc_nano.a(lib_a-readr.o)
 .ARM.attributes
                0x00000000000008e3       0x34 /app/stm32cubeide/plugins/com.st.stm32cube.ide.mcu.externaltools.gnu-tools-for-stm32.10.3-2021.10.linux64_1.0.200.202301161003/tools/bin/../lib/gcc/arm-none-eabi/10.3.1/../../../../arm-none-eabi/lib/thumb/v7e-m+fp/hard/libc_nano.a(lib_a-reent.o)
 .ARM.attributes
                0x0000000000000917       0x34 /app/stm32cubeide/plugins/com.st.stm32cube.ide.mcu.externaltools.gnu-tools-for-stm32.10.3-2021.10.linux64_1.0.200.202301161003/tools/bin/../lib/gcc/arm-none-eabi/10.3.1/../../../../arm-none-eabi/lib/thumb/v7e-m+fp/hard/libc_nano.a(lib_a-fstatr.o)
 .ARM.attributes
                0x000000000000094b       0x34 /app/stm32cubeide/plugins/com.st.stm32cube.ide.mcu.externaltools.gnu-tools-for-stm32.10.3-2021.10.linux64_1.0.200.202301161003/tools/bin/../lib/gcc/arm-none-eabi/10.3.1/../../../../arm-none-eabi/lib/thumb/v7e-m+fp/hard/libc_nano.a(lib_a-isattyr.o)
 .ARM.attributes
                0x000000000000097f       0x1e /app/stm32cubeide/plugins/com.st.stm32cube.ide.mcu.externaltools.gnu-tools-for-stm32.10.3-2021.10.linux64_1.0.200.202301161003/tools/bin/../lib/gcc/arm-none-eabi/10.3.1/thumb/v7e-m+fp/hard/libgcc.a(_arm_addsubdf3.o)
 .ARM.attributes
                0x000000000000099d       0x1e /app/stm32cubeide/plugins/com.st.stm32cube.ide.mcu.externaltools.gnu-tools-for-stm32.10.3-2021.10.linux64_1.0.200.202301161003/tools/bin/../lib/gcc/arm-none-eabi/10.3.1/thumb/v7e-m+fp/hard/libgcc.a(_arm_muldivdf3.o)
 .ARM.attributes
                0x00000000000009bb       0x1e /app/stm32cubeide/plugins/com.st.stm32cube.ide.mcu.externaltools.gnu-tools-for-stm32.10.3-2021.10.linux64_1.0.200.202301161003/tools/bin/../lib/gcc/arm-none-eabi/10.3.1/thumb/v7e-m+fp/hard/libgcc.a(_arm_cmpdf2.o)
 .ARM.attributes
                0x00000000000009d9       0x1e /app/stm32cubeide/plugins/com.st.stm32cube.ide.mcu.externaltools.gnu-tools-for-stm32.10.3-2021.10.linux64_1.0.200.202301161003/tools/bin/../lib/gcc/arm-none-eabi/10.3.1/thumb/v7e-m+fp/hard/libgcc.a(_arm_unorddf2.o)
 .ARM.attributes
                0x00000000000009f7       0x1e /app/stm32cubeide/plugins/com.st.stm32cube.ide.mcu.externaltools.gnu-tools-for-stm32.10.3-2021.10.linux64_1.0.200.202301161003/tools/bin/../lib/gcc/arm-none-eabi/10.3.1/thumb/v7e-m+fp/hard/libgcc.a(_arm_fixunsdfsi.o)
 .ARM.attributes
                0x0000000000000a15       0x1e /app/stm32cubeide/plugins/com.st.stm32cube.ide.mcu.externaltools.gnu-tools-for-stm32.10.3-2021.10.linux64_1.0.200.202301161003/tools/bin/../lib/gcc/arm-none-eabi/10.3.1/thumb/v7e-m+fp/hard/crtn.o
OUTPUT(tlc_meter.elf elf32-littlearm)
LOAD linker stubs
LOAD /app/stm32cubeide/plugins/com.st.stm32cube.ide.mcu.externaltools.gnu-tools-for-stm32.10.3-2021.10.linux64_1.0.200.202301161003/tools/bin/../lib/gcc/arm-none-eabi/10.3.1/../../../../arm-none-eabi/lib/thumb/v7e-m+fp/hard/libc.a
LOAD /app/stm32cubeide/plugins/com.st.stm32cube.ide.mcu.externaltools.gnu-tools-for-stm32.10.3-2021.10.linux64_1.0.200.202301161003/tools/bin/../lib/gcc/arm-none-eabi/10.3.1/../../../../arm-none-eabi/lib/thumb/v7e-m+fp/hard/libm.a
LOAD /app/stm32cubeide/plugins/com.st.stm32cube.ide.mcu.externaltools.gnu-tools-for-stm32.10.3-2021.10.linux64_1.0.200.202301161003/tools/bin/../lib/gcc/arm-none-eabi/10.3.1/thumb/v7e-m+fp/hard/libgcc.a

.debug_info     0x0000000000000000     0xa391
 .debug_info    0x0000000000000000     0x2be9 ./Core/Src/capameter.o
 .debug_info    0x0000000000002be9      0xe53 ./Core/Src/main.o
 .debug_info    0x0000000000003a3c       0x3c ./Core/Src/selfmeter.o
 .debug_info    0x0000000000003a78      0x97c ./Core/Src/stm32f3xx_hal_msp.o
 .debug_info    0x00000000000043f4      0x15f ./Core/Src/stm32f3xx_it.o
 .debug_info    0x0000000000004553      0x6e0 ./Core/Src/syscalls.o
 .debug_info    0x0000000000004c33      0x171 ./Core/Src/sysmem.o
 .debug_info    0x0000000000004da4      0x416 ./Core/Src/system_stm32f3xx.o
 .debug_info    0x00000000000051ba      0x5fc ./Core/Src/units.o
 .debug_info    0x00000000000057b6       0x22 ./Core/Startup/startup_stm32f303k8tx.o
 .debug_info    0x00000000000057d8      0x77d ./Drivers/STM32F3xx_HAL_Driver/Src/stm32f3xx_hal.o
 .debug_info    0x0000000000005f55     0x16d2 ./Drivers/STM32F3xx_HAL_Driver/Src/stm32f3xx_hal_adc_ex.o
 .debug_info    0x0000000000007627      0xb20 ./Drivers/STM32F3xx_HAL_Driver/Src/stm32f3xx_hal_cortex.o
 .debug_info    0x0000000000008147      0x74e ./Drivers/STM32F3xx_HAL_Driver/Src/stm32f3xx_hal_gpio.o
 .debug_info    0x0000000000008895     0x1585 ./Drivers/STM32F3xx_HAL_Driver/Src/stm32f3xx_hal_rcc.o
 .debug_info    0x0000000000009e1a      0x577 ./Drivers/STM32F3xx_HAL_Driver/Src/stm32f3xx_hal_rcc_ex.o

.debug_abbrev   0x0000000000000000     0x1e45
 .debug_abbrev  0x0000000000000000      0x5c3 ./Core/Src/capameter.o
 .debug_abbrev  0x00000000000005c3      0x25e ./Core/Src/main.o
 .debug_abbrev  0x0000000000000821       0x2f ./Core/Src/selfmeter.o
 .debug_abbrev  0x0000000000000850      0x194 ./Core/Src/stm32f3xx_hal_msp.o
 .debug_abbrev  0x00000000000009e4       0x9f ./Core/Src/stm32f3xx_it.o
 .debug_abbrev  0x0000000000000a83      0x1b3 ./Core/Src/syscalls.o
 .debug_abbrev  0x0000000000000c36       0xbb ./Core/Src/sysmem.o
 .debug_abbrev  0x0000000000000cf1      0x116 ./Core/Src/system_stm32f3xx.o
 .debug_abbrev  0x0000000000000e07      0x1d6 ./Core/Src/units.o
 .debug_abbrev  0x0000000000000fdd       0x12 ./Core/Startup/startup_stm32f303k8tx.o
 .debug_abbrev  0x0000000000000fef      0x20e ./Drivers/STM32F3xx_HAL_Driver/Src/stm32f3xx_hal.o
 .debug_abbrev  0x00000000000011fd      0x27a ./Drivers/STM32F3xx_HAL_Driver/Src/stm32f3xx_hal_adc_ex.o
 .debug_abbrev  0x0000000000001477      0x2ed ./Drivers/STM32F3xx_HAL_Driver/Src/stm32f3xx_hal_cortex.o
 .debug_abbrev  0x0000000000001764      0x1bb ./Drivers/STM32F3xx_HAL_Driver/Src/stm32f3xx_hal_gpio.o
 .debug_abbrev  0x000000000000191f      0x2f9 ./Drivers/STM32F3xx_HAL_Driver/Src/stm32f3xx_hal_rcc.o
 .debug_abbrev  0x0000000000001c18      0x22d ./Drivers/STM32F3xx_HAL_Driver/Src/stm32f3xx_hal_rcc_ex.o

.debug_aranges  0x0000000000000000      0x770
 .debug_aranges
                0x0000000000000000       0x60 ./Core/Src/capameter.o
 .debug_aranges
                0x0000000000000060       0x40 ./Core/Src/main.o
 .debug_aranges
                0x00000000000000a0       0x20 ./Core/Src/selfmeter.o
 .debug_aranges
                0x00000000000000c0       0x30 ./Core/Src/stm32f3xx_hal_msp.o
 .debug_aranges
                0x00000000000000f0       0x68 ./Core/Src/stm32f3xx_it.o
 .debug_aranges
                0x0000000000000158       0xa8 ./Core/Src/syscalls.o
 .debug_aranges
                0x0000000000000200       0x20 ./Core/Src/sysmem.o
 .debug_aranges
                0x0000000000000220       0x28 ./Core/Src/system_stm32f3xx.o
 .debug_aranges
                0x0000000000000248       0xa0 ./Core/Src/units.o
 .debug_aranges
                0x00000000000002e8       0x28 ./Core/Startup/startup_stm32f303k8tx.o
 .debug_aranges
                0x0000000000000310       0xe0 ./Drivers/STM32F3xx_HAL_Driver/Src/stm32f3xx_hal.o
 .debug_aranges
                0x00000000000003f0      0x168 ./Drivers/STM32F3xx_HAL_Driver/Src/stm32f3xx_hal_adc_ex.o
 .debug_aranges
                0x0000000000000558      0x100 ./Drivers/STM32F3xx_HAL_Driver/Src/stm32f3xx_hal_cortex.o
 .debug_aranges
                0x0000000000000658       0x58 ./Drivers/STM32F3xx_HAL_Driver/Src/stm32f3xx_hal_gpio.o
 .debug_aranges
                0x00000000000006b0       0x88 ./Drivers/STM32F3xx_HAL_Driver/Src/stm32f3xx_hal_rcc.o
 .debug_aranges
                0x0000000000000738       0x38 ./Drivers/STM32F3xx_HAL_Driver/Src/stm32f3xx_hal_rcc_ex.o

.debug_ranges   0x0000000000000000      0x690
 .debug_ranges  0x0000000000000000       0x68 ./Core/Src/capameter.o
 .debug_ranges  0x0000000000000068       0x30 ./Core/Src/main.o
 .debug_ranges  0x0000000000000098       0x10 ./Core/Src/selfmeter.o
 .debug_ranges  0x00000000000000a8       0x20 ./Core/Src/stm32f3xx_hal_msp.o
 .debug_ranges  0x00000000000000c8       0x58 ./Core/Src/stm32f3xx_it.o
 .debug_ranges  0x0000000000000120       0x98 ./Core/Src/syscalls.o
 .debug_ranges  0x00000000000001b8       0x10 ./Core/Src/sysmem.o
 .debug_ranges  0x00000000000001c8       0x18 ./Core/Src/system_stm32f3xx.o
 .debug_ranges  0x00000000000001e0       0x90 ./Core/Src/units.o
 .debug_ranges  0x0000000000000270       0x20 ./Core/Startup/startup_stm32f303k8tx.o
 .debug_ranges  0x0000000000000290       0xd0 ./Drivers/STM32F3xx_HAL_Driver/Src/stm32f3xx_hal.o
 .debug_ranges  0x0000000000000360      0x158 ./Drivers/STM32F3xx_HAL_Driver/Src/stm32f3xx_hal_adc_ex.o
 .debug_ranges  0x00000000000004b8       0xf0 ./Drivers/STM32F3xx_HAL_Driver/Src/stm32f3xx_hal_cortex.o
 .debug_ranges  0x00000000000005a8       0x48 ./Drivers/STM32F3xx_HAL_Driver/Src/stm32f3xx_hal_gpio.o
 .debug_ranges  0x00000000000005f0       0x78 ./Drivers/STM32F3xx_HAL_Driver/Src/stm32f3xx_hal_rcc.o
 .debug_ranges  0x0000000000000668       0x28 ./Drivers/STM32F3xx_HAL_Driver/Src/stm32f3xx_hal_rcc_ex.o

.debug_macro    0x0000000000000000    0x1e65a
 .debug_macro   0x0000000000000000      0x452 ./Core/Src/capameter.o
 .debug_macro   0x0000000000000452      0xb50 ./Core/Src/capameter.o
 .debug_macro   0x0000000000000fa2      0x151 ./Core/Src/capameter.o
 .debug_macro   0x00000000000010f3       0x2e ./Core/Src/capameter.o
 .debug_macro   0x0000000000001121       0x28 ./Core/Src/capameter.o
 .debug_macro   0x0000000000001149       0x1c ./Core/Src/capameter.o
 .debug_macro   0x0000000000001165       0x22 ./Core/Src/capameter.o
 .debug_macro   0x0000000000001187       0x8e ./Core/Src/capameter.o
 .debug_macro   0x0000000000001215       0x51 ./Core/Src/capameter.o
 .debug_macro   0x0000000000001266      0x103 ./Core/Src/capameter.o
 .debug_macro   0x0000000000001369       0x6a ./Core/Src/capameter.o
 .debug_macro   0x00000000000013d3      0x1df ./Core/Src/capameter.o
 .debug_macro   0x00000000000015b2       0x1c ./Core/Src/capameter.o
 .debug_macro   0x00000000000015ce       0x22 ./Core/Src/capameter.o
 .debug_macro   0x00000000000015f0       0xd9 ./Core/Src/capameter.o
 .debug_macro   0x00000000000016c9      0xf07 ./Core/Src/capameter.o
 .debug_macro   0x00000000000025d0    0x10be0 ./Core/Src/capameter.o
 .debug_macro   0x00000000000131b0       0x6d ./Core/Src/capameter.o
 .debug_macro   0x000000000001321d     0x3558 ./Core/Src/capameter.o
 .debug_macro   0x0000000000016775      0x17b ./Core/Src/capameter.o
 .debug_macro   0x00000000000168f0       0x55 ./Core/Src/capameter.o
 .debug_macro   0x0000000000016945      0x8f8 ./Core/Src/capameter.o
 .debug_macro   0x000000000001723d      0x304 ./Core/Src/capameter.o
 .debug_macro   0x0000000000017541      0x1b5 ./Core/Src/capameter.o
 .debug_macro   0x00000000000176f6      0x11b ./Core/Src/capameter.o
 .debug_macro   0x0000000000017811      0x1d5 ./Core/Src/capameter.o
 .debug_macro   0x00000000000179e6      0x1bc ./Core/Src/capameter.o
 .debug_macro   0x0000000000017ba2       0x34 ./Core/Src/capameter.o
 .debug_macro   0x0000000000017bd6       0x3c ./Core/Src/capameter.o
 .debug_macro   0x0000000000017c12       0x57 ./Core/Src/capameter.o
 .debug_macro   0x0000000000017c69      0x87d ./Core/Src/capameter.o
 .debug_macro   0x00000000000184e6       0x77 ./Core/Src/capameter.o
 .debug_macro   0x000000000001855d       0xc5 ./Core/Src/capameter.o
 .debug_macro   0x0000000000018622      0x19f ./Core/Src/capameter.o
 .debug_macro   0x00000000000187c1      0x22c ./Core/Src/capameter.o
 .debug_macro   0x00000000000189ed       0x5b ./Core/Src/capameter.o
 .debug_macro   0x0000000000018a48       0xa5 ./Core/Src/capameter.o
 .debug_macro   0x0000000000018aed       0x81 ./Core/Src/capameter.o
 .debug_macro   0x0000000000018b6e       0xd3 ./Core/Src/capameter.o
 .debug_macro   0x0000000000018c41      0x285 ./Core/Src/capameter.o
 .debug_macro   0x0000000000018ec6      0x18a ./Core/Src/capameter.o
 .debug_macro   0x0000000000019050       0x10 ./Core/Src/capameter.o
 .debug_macro   0x0000000000019060      0x3d1 ./Core/Src/capameter.o
 .debug_macro   0x0000000000019431       0x18 ./Core/Src/capameter.o
 .debug_macro   0x0000000000019449       0x52 ./Core/Src/capameter.o
 .debug_macro   0x000000000001949b       0x1e ./Core/Src/capameter.o
 .debug_macro   0x00000000000194b9       0x3c ./Core/Src/capameter.o
 .debug_macro   0x00000000000194f5       0x34 ./Core/Src/capameter.o
 .debug_macro   0x0000000000019529       0x16 ./Core/Src/capameter.o
 .debug_macro   0x000000000001953f       0x43 ./Core/Src/capameter.o
 .debug_macro   0x0000000000019582       0x34 ./Core/Src/capameter.o
 .debug_macro   0x00000000000195b6       0x10 ./Core/Src/capameter.o
 .debug_macro   0x00000000000195c6       0x58 ./Core/Src/capameter.o
 .debug_macro   0x000000000001961e       0x71 ./Core/Src/capameter.o
 .debug_macro   0x000000000001968f       0x16 ./Core/Src/capameter.o
 .debug_macro   0x00000000000196a5      0x12a ./Core/Src/capameter.o
 .debug_macro   0x00000000000197cf      0x364 ./Core/Src/capameter.o
 .debug_macro   0x0000000000019b33      0x194 ./Core/Src/capameter.o
 .debug_macro   0x0000000000019cc7       0x10 ./Core/Src/capameter.o
 .debug_macro   0x0000000000019cd7       0x16 ./Core/Src/capameter.o
 .debug_macro   0x0000000000019ced       0x35 ./Core/Src/capameter.o
 .debug_macro   0x0000000000019d22       0x16 ./Core/Src/capameter.o
 .debug_macro   0x0000000000019d38       0x29 ./Core/Src/capameter.o
 .debug_macro   0x0000000000019d61       0x10 ./Core/Src/capameter.o
 .debug_macro   0x0000000000019d71      0x3c7 ./Core/Src/capameter.o
 .debug_macro   0x000000000001a138       0x1c ./Core/Src/capameter.o
 .debug_macro   0x000000000001a154       0x10 ./Core/Src/capameter.o
 .debug_macro   0x000000000001a164       0x10 ./Core/Src/capameter.o
 .debug_macro   0x000000000001a174       0x1c ./Core/Src/capameter.o
 .debug_macro   0x000000000001a190       0x52 ./Core/Src/capameter.o
 .debug_macro   0x000000000001a1e2       0x22 ./Core/Src/capameter.o
 .debug_macro   0x000000000001a204       0x10 ./Core/Src/capameter.o
 .debug_macro   0x000000000001a214       0x52 ./Core/Src/capameter.o
 .debug_macro   0x000000000001a266       0xd5 ./Core/Src/capameter.o
 .debug_macro   0x000000000001a33b       0x1c ./Core/Src/capameter.o
 .debug_macro   0x000000000001a357       0x3d ./Core/Src/capameter.o
 .debug_macro   0x000000000001a394       0x16 ./Core/Src/capameter.o
 .debug_macro   0x000000000001a3aa      0x137 ./Core/Src/capameter.o
 .debug_macro   0x000000000001a4e1       0x41 ./Core/Src/capameter.o
 .debug_macro   0x000000000001a522      0x120 ./Core/Src/capameter.o
 .debug_macro   0x000000000001a642       0x16 ./Core/Src/capameter.o
 .debug_macro   0x000000000001a658       0x10 ./Core/Src/capameter.o
 .debug_macro   0x000000000001a668       0x10 ./Core/Src/capameter.o
 .debug_macro   0x000000000001a678       0x35 ./Core/Src/capameter.o
 .debug_macro   0x000000000001a6ad       0x40 ./Core/Src/capameter.o
 .debug_macro   0x000000000001a6ed       0x4f ./Core/Src/capameter.o
 .debug_macro   0x000000000001a73c       0x19 ./Core/Src/capameter.o
 .debug_macro   0x000000000001a755      0x1d4 ./Core/Src/main.o
 .debug_macro   0x000000000001a929      0xa78 ./Core/Src/main.o
 .debug_macro   0x000000000001b3a1      0xf07 ./Core/Src/main.o
 .debug_macro   0x000000000001c2a8      0x174 ./Core/Src/main.o
 .debug_macro   0x000000000001c41c       0x11 ./Core/Src/selfmeter.o
 .debug_macro   0x000000000001c42d      0x1c0 ./Core/Src/stm32f3xx_hal_msp.o
 .debug_macro   0x000000000001c5ed      0x1ca ./Core/Src/stm32f3xx_it.o
 .debug_macro   0x000000000001c7b7      0x24c ./Core/Src/syscalls.o
 .debug_macro   0x000000000001ca03       0x4c ./Core/Src/syscalls.o
 .debug_macro   0x000000000001ca4f       0x94 ./Core/Src/syscalls.o
 .debug_macro   0x000000000001cae3       0x34 ./Core/Src/syscalls.o
 .debug_macro   0x000000000001cb17       0x57 ./Core/Src/syscalls.o
 .debug_macro   0x000000000001cb6e      0x341 ./Core/Src/syscalls.o
 .debug_macro   0x000000000001ceaf       0x43 ./Core/Src/syscalls.o
 .debug_macro   0x000000000001cef2       0x1c ./Core/Src/syscalls.o
 .debug_macro   0x000000000001cf0e       0x10 ./Core/Src/syscalls.o
 .debug_macro   0x000000000001cf1e       0x35 ./Core/Src/syscalls.o
 .debug_macro   0x000000000001cf53      0x12c ./Core/Src/syscalls.o
 .debug_macro   0x000000000001d07f       0x10 ./Core/Src/syscalls.o
 .debug_macro   0x000000000001d08f      0x241 ./Core/Src/syscalls.o
 .debug_macro   0x000000000001d2d0       0x10 ./Core/Src/syscalls.o
 .debug_macro   0x000000000001d2e0      0x145 ./Core/Src/syscalls.o
 .debug_macro   0x000000000001d425      0x189 ./Core/Src/syscalls.o
 .debug_macro   0x000000000001d5ae       0x16 ./Core/Src/syscalls.o
 .debug_macro   0x000000000001d5c4       0xce ./Core/Src/syscalls.o
 .debug_macro   0x000000000001d692       0xff ./Core/Src/sysmem.o
 .debug_macro   0x000000000001d791      0x23b ./Core/Src/sysmem.o
 .debug_macro   0x000000000001d9cc      0x1b6 ./Core/Src/system_stm32f3xx.o
 .debug_macro   0x000000000001db82       0x1b ./Core/Src/units.o
 .debug_macro   0x000000000001db9d      0x1da ./Drivers/STM32F3xx_HAL_Driver/Src/stm32f3xx_hal.o
 .debug_macro   0x000000000001dd77      0x1e0 ./Drivers/STM32F3xx_HAL_Driver/Src/stm32f3xx_hal_adc_ex.o
 .debug_macro   0x000000000001df57      0x1b6 ./Drivers/STM32F3xx_HAL_Driver/Src/stm32f3xx_hal_cortex.o
 .debug_macro   0x000000000001e10d      0x1bd ./Drivers/STM32F3xx_HAL_Driver/Src/stm32f3xx_hal_gpio.o
 .debug_macro   0x000000000001e2ca      0x1da ./Drivers/STM32F3xx_HAL_Driver/Src/stm32f3xx_hal_rcc.o
 .debug_macro   0x000000000001e4a4      0x1b6 ./Drivers/STM32F3xx_HAL_Driver/Src/stm32f3xx_hal_rcc_ex.o

.debug_line     0x0000000000000000     0x93c7
 .debug_line    0x0000000000000000      0xd6e ./Core/Src/capameter.o
 .debug_line    0x0000000000000d6e      0x7a3 ./Core/Src/main.o
 .debug_line    0x0000000000001511       0x4e ./Core/Src/selfmeter.o
 .debug_line    0x000000000000155f      0x6a7 ./Core/Src/stm32f3xx_hal_msp.o
 .debug_line    0x0000000000001c06      0x73b ./Core/Src/stm32f3xx_it.o
 .debug_line    0x0000000000002341      0x79f ./Core/Src/syscalls.o
 .debug_line    0x0000000000002ae0      0x495 ./Core/Src/sysmem.o
 .debug_line    0x0000000000002f75      0x6d7 ./Core/Src/system_stm32f3xx.o
 .debug_line    0x000000000000364c      0x1fa ./Core/Src/units.o
 .debug_line    0x0000000000003846       0x88 ./Core/Startup/startup_stm32f303k8tx.o
 .debug_line    0x00000000000038ce      0x90c ./Drivers/STM32F3xx_HAL_Driver/Src/stm32f3xx_hal.o
 .debug_line    0x00000000000041da     0x200b ./Drivers/STM32F3xx_HAL_Driver/Src/stm32f3xx_hal_adc_ex.o
 .debug_line    0x00000000000061e5      0xaf4 ./Drivers/STM32F3xx_HAL_Driver/Src/stm32f3xx_hal_cortex.o
 .debug_line    0x0000000000006cd9      0xa57 ./Drivers/STM32F3xx_HAL_Driver/Src/stm32f3xx_hal_gpio.o
 .debug_line    0x0000000000007730     0x12e9 ./Drivers/STM32F3xx_HAL_Driver/Src/stm32f3xx_hal_rcc.o
 .debug_line    0x0000000000008a19      0x9ae ./Drivers/STM32F3xx_HAL_Driver/Src/stm32f3xx_hal_rcc_ex.o

.debug_str      0x0000000000000000    0xa4b11
 .debug_str     0x0000000000000000    0xa1533 ./Core/Src/capameter.o
                                      0xa1b72 (size before relaxing)
 .debug_str     0x00000000000a1533      0x7d3 ./Core/Src/main.o
                                      0x98787 (size before relaxing)
 .debug_str     0x00000000000a1d06       0x1a ./Core/Src/selfmeter.o
                                       0x3120 (size before relaxing)
 .debug_str     0x00000000000a1d20       0x63 ./Core/Src/stm32f3xx_hal_msp.o
                                      0x98150 (size before relaxing)
 .debug_str     0x00000000000a1d83       0xf7 ./Core/Src/stm32f3xx_it.o
                                      0x97cca (size before relaxing)
 .debug_str     0x00000000000a1e7a     0x16b6 ./Core/Src/syscalls.o
                                       0x8a8b (size before relaxing)
 .debug_str     0x00000000000a3530       0x6b ./Core/Src/sysmem.o
                                       0x5dc7 (size before relaxing)
 .debug_str     0x00000000000a359b       0xdf ./Core/Src/system_stm32f3xx.o
                                      0x97d17 (size before relaxing)
 .debug_str     0x00000000000a367a      0x15f ./Core/Src/units.o
                                       0x33a0 (size before relaxing)
 .debug_str     0x00000000000a37d9       0x36 ./Core/Startup/startup_stm32f303k8tx.o
                                         0x71 (size before relaxing)
 .debug_str     0x00000000000a380f      0x392 ./Drivers/STM32F3xx_HAL_Driver/Src/stm32f3xx_hal.o
                                      0x98407 (size before relaxing)
 .debug_str     0x00000000000a3ba1      0x8af ./Drivers/STM32F3xx_HAL_Driver/Src/stm32f3xx_hal_adc_ex.o
                                      0x98a1d (size before relaxing)
 .debug_str     0x00000000000a4450      0x222 ./Drivers/STM32F3xx_HAL_Driver/Src/stm32f3xx_hal_cortex.o
                                      0x9832c (size before relaxing)
 .debug_str     0x00000000000a4672      0x11b ./Drivers/STM32F3xx_HAL_Driver/Src/stm32f3xx_hal_gpio.o
                                      0x97ef6 (size before relaxing)
 .debug_str     0x00000000000a478d      0x2c6 ./Drivers/STM32F3xx_HAL_Driver/Src/stm32f3xx_hal_rcc.o
                                      0x981b7 (size before relaxing)
 .debug_str     0x00000000000a4a53       0xbe ./Drivers/STM32F3xx_HAL_Driver/Src/stm32f3xx_hal_rcc_ex.o
                                      0x97eb6 (size before relaxing)

.comment        0x0000000000000000       0x50
 .comment       0x0000000000000000       0x50 ./Core/Src/capameter.o
                                         0x51 (size before relaxing)
 .comment       0x0000000000000050       0x51 ./Core/Src/main.o
 .comment       0x0000000000000050       0x51 ./Core/Src/selfmeter.o
 .comment       0x0000000000000050       0x51 ./Core/Src/stm32f3xx_hal_msp.o
 .comment       0x0000000000000050       0x51 ./Core/Src/stm32f3xx_it.o
 .comment       0x0000000000000050       0x51 ./Core/Src/syscalls.o
 .comment       0x0000000000000050       0x51 ./Core/Src/sysmem.o
 .comment       0x0000000000000050       0x51 ./Core/Src/system_stm32f3xx.o
 .comment       0x0000000000000050       0x51 ./Core/Src/units.o
 .comment       0x0000000000000050       0x51 ./Drivers/STM32F3xx_HAL_Driver/Src/stm32f3xx_hal.o
 .comment       0x0000000000000050       0x51 ./Drivers/STM32F3xx_HAL_Driver/Src/stm32f3xx_hal_adc_ex.o
 .comment       0x0000000000000050       0x51 ./Drivers/STM32F3xx_HAL_Driver/Src/stm32f3xx_hal_cortex.o
 .comment       0x0000000000000050       0x51 ./Drivers/STM32F3xx_HAL_Driver/Src/stm32f3xx_hal_gpio.o
 .comment       0x0000000000000050       0x51 ./Drivers/STM32F3xx_HAL_Driver/Src/stm32f3xx_hal_rcc.o
 .comment       0x0000000000000050       0x51 ./Drivers/STM32F3xx_HAL_Driver/Src/stm32f3xx_hal_rcc_ex.o

.debug_frame    0x0000000000000000     0x2650
 .debug_frame   0x0000000000000000      0x174 ./Core/Src/capameter.o
 .debug_frame   0x0000000000000174       0xb0 ./Core/Src/main.o
 .debug_frame   0x0000000000000224       0x30 ./Core/Src/selfmeter.o
 .debug_frame   0x0000000000000254       0x80 ./Core/Src/stm32f3xx_hal_msp.o
 .debug_frame   0x00000000000002d4      0x120 ./Core/Src/stm32f3xx_it.o
 .debug_frame   0x00000000000003f4      0x2ac ./Core/Src/syscalls.o
 .debug_frame   0x00000000000006a0       0x34 ./Core/Src/sysmem.o
 .debug_frame   0x00000000000006d4       0x58 ./Core/Src/system_stm32f3xx.o
 .debug_frame   0x000000000000072c      0x294 ./Core/Src/units.o
 .debug_frame   0x00000000000009c0      0x334 ./Drivers/STM32F3xx_HAL_Driver/Src/stm32f3xx_hal.o
 .debug_frame   0x0000000000000cf4      0x638 ./Drivers/STM32F3xx_HAL_Driver/Src/stm32f3xx_hal_adc_ex.o
 .debug_frame   0x000000000000132c      0x428 ./Drivers/STM32F3xx_HAL_Driver/Src/stm32f3xx_hal_cortex.o
 .debug_frame   0x0000000000001754      0x14c ./Drivers/STM32F3xx_HAL_Driver/Src/stm32f3xx_hal_gpio.o
 .debug_frame   0x00000000000018a0      0x214 ./Drivers/STM32F3xx_HAL_Driver/Src/stm32f3xx_hal_rcc.o
 .debug_frame   0x0000000000001ab4       0xac ./Drivers/STM32F3xx_HAL_Driver/Src/stm32f3xx_hal_rcc_ex.o
 .debug_frame   0x0000000000001b60       0x4c /app/stm32cubeide/plugins/com.st.stm32cube.ide.mcu.externaltools.gnu-tools-for-stm32.10.3-2021.10.linux64_1.0.200.202301161003/tools/bin/../lib/gcc/arm-none-eabi/10.3.1/../../../../arm-none-eabi/lib/thumb/v7e-m+fp/hard/libm.a(lib_a-w_log.o)