../Core/Inc/units.h:26:14:Res::Res(long long unsigned int) [inherited from Unit<long long unsigned int>]	24	static
../Core/Src/units.cpp:13:5:static Res Res::kohm(long long unsigned int)	48	static
../Core/Inc/units.h:32:14:Capa::Capa(long double) [inherited from Unit<long double>]	24	static
../Core/Src/units.cpp:17:6:static Capa Capa::f(long double)	24	static
../Core/Src/units.cpp:21:6:static Capa Capa::uf(long double)	24	static
../Core/Src/units.cpp:25:6:static Capa Capa::nf(long double)	24	static
../Core/Src/units.cpp:29:6:static Capa Capa::pf(long double)	24	static
../Core/Src/units.cpp:33:5:Res operator_Ohm(long long unsigned int)	24	static
../Core/Src/units.cpp:37:5:Res operator_kOhm(long long unsigned int)	48	static
../Core/Src/units.cpp:41:6:Capa operator_uF(long double)	16	static
../Core/Src/units.cpp:45:6:Capa operator_nF(long double)	16	static
../Core/Src/units.cpp:49:6:Capa operator_pF(long double)	16	static
../Core/Inc/units.h:41:14:Self::Self(long double) [inherited from Unit<long double>]	24	static
../Core/Src/units.cpp:53:6:static Self Self::h(long double)	24	static
../Core/Src/units.cpp:57:6:static Self Self::mh(long double)	24	static
../Core/Src/units.cpp:61:6:static Self Self::uh(long double)	24	static
../Core/Src/units.cpp:65:6:Self operator_mH(long double)	16	static
../Core/Src/units.cpp:69:6:Self operator_uH(long double)	16	static
../Core/Src/units.cpp:11:1:Unit<Data>::Unit(Data) [with Data = long long unsigned int]	24	static
../Core/Src/units.cpp:11:1:Unit<Data>::Unit(Data) [with Data = long double]	24	static
